Archive member included to satisfy reference by file (symbol)

/usr/lib/gcc/arm-none-eabi/13.2.1/../../../arm-none-eabi/lib/thumb/v7e-m+fp/hard/libc_nano.a(libc_a-init.o)
                              /usr/lib/gcc/arm-none-eabi/13.2.1/../../../arm-none-eabi/lib/thumb/v7e-m+fp/hard/crt0.o (__libc_init_array)
/usr/lib/gcc/arm-none-eabi/13.2.1/../../../arm-none-eabi/lib/thumb/v7e-m+fp/hard/libc_nano.a(libc_a-memset.o)
                              /usr/lib/gcc/arm-none-eabi/13.2.1/../../../arm-none-eabi/lib/thumb/v7e-m+fp/hard/crt0.o (memset)
/usr/lib/gcc/arm-none-eabi/13.2.1/../../../arm-none-eabi/lib/thumb/v7e-m+fp/hard/libc_nano.a(libc_a-malloc.o)
                              build/usbh_cdc.o (malloc)
/usr/lib/gcc/arm-none-eabi/13.2.1/../../../arm-none-eabi/lib/thumb/v7e-m+fp/hard/libc_nano.a(libc_a-exit.o)
                              /usr/lib/gcc/arm-none-eabi/13.2.1/../../../arm-none-eabi/lib/thumb/v7e-m+fp/hard/crt0.o (exit)
/usr/lib/gcc/arm-none-eabi/13.2.1/../../../arm-none-eabi/lib/thumb/v7e-m+fp/hard/libc_nano.a(libc_a-atexit.o)
                              /usr/lib/gcc/arm-none-eabi/13.2.1/../../../arm-none-eabi/lib/thumb/v7e-m+fp/hard/crt0.o (atexit)
/usr/lib/gcc/arm-none-eabi/13.2.1/../../../arm-none-eabi/lib/thumb/v7e-m+fp/hard/libc_nano.a(libc_a-fini.o)
                              /usr/lib/gcc/arm-none-eabi/13.2.1/../../../arm-none-eabi/lib/thumb/v7e-m+fp/hard/crt0.o (__libc_fini_array)
/usr/lib/gcc/arm-none-eabi/13.2.1/../../../arm-none-eabi/lib/thumb/v7e-m+fp/hard/libc_nano.a(libc_a-impure.o)
                              /usr/lib/gcc/arm-none-eabi/13.2.1/../../../arm-none-eabi/lib/thumb/v7e-m+fp/hard/libc_nano.a(libc_a-malloc.o) (_impure_ptr)
/usr/lib/gcc/arm-none-eabi/13.2.1/../../../arm-none-eabi/lib/thumb/v7e-m+fp/hard/libc_nano.a(libc_a-findfp.o)
                              /usr/lib/gcc/arm-none-eabi/13.2.1/../../../arm-none-eabi/lib/thumb/v7e-m+fp/hard/libc_nano.a(libc_a-exit.o) (__stdio_exit_handler)
/usr/lib/gcc/arm-none-eabi/13.2.1/../../../arm-none-eabi/lib/thumb/v7e-m+fp/hard/libc_nano.a(libc_a-fflush.o)
                              /usr/lib/gcc/arm-none-eabi/13.2.1/../../../arm-none-eabi/lib/thumb/v7e-m+fp/hard/libc_nano.a(libc_a-findfp.o) (_fflush_r)
/usr/lib/gcc/arm-none-eabi/13.2.1/../../../arm-none-eabi/lib/thumb/v7e-m+fp/hard/libc_nano.a(libc_a-mallocr.o)
                              /usr/lib/gcc/arm-none-eabi/13.2.1/../../../arm-none-eabi/lib/thumb/v7e-m+fp/hard/libc_nano.a(libc_a-malloc.o) (_malloc_r)
/usr/lib/gcc/arm-none-eabi/13.2.1/../../../arm-none-eabi/lib/thumb/v7e-m+fp/hard/libc_nano.a(libc_a-freer.o)
                              /usr/lib/gcc/arm-none-eabi/13.2.1/../../../arm-none-eabi/lib/thumb/v7e-m+fp/hard/libc_nano.a(libc_a-malloc.o) (_free_r)
/usr/lib/gcc/arm-none-eabi/13.2.1/../../../arm-none-eabi/lib/thumb/v7e-m+fp/hard/libc_nano.a(libc_a-fwalk.o)
                              /usr/lib/gcc/arm-none-eabi/13.2.1/../../../arm-none-eabi/lib/thumb/v7e-m+fp/hard/libc_nano.a(libc_a-findfp.o) (_fwalk_sglue)
/usr/lib/gcc/arm-none-eabi/13.2.1/../../../arm-none-eabi/lib/thumb/v7e-m+fp/hard/libc_nano.a(libc_a-__atexit.o)
                              /usr/lib/gcc/arm-none-eabi/13.2.1/../../../arm-none-eabi/lib/thumb/v7e-m+fp/hard/libc_nano.a(libc_a-atexit.o) (__register_exitproc)
/usr/lib/gcc/arm-none-eabi/13.2.1/../../../arm-none-eabi/lib/thumb/v7e-m+fp/hard/libc_nano.a(libc_a-mlock.o)
                              /usr/lib/gcc/arm-none-eabi/13.2.1/../../../arm-none-eabi/lib/thumb/v7e-m+fp/hard/libc_nano.a(libc_a-mallocr.o) (__malloc_lock)
/usr/lib/gcc/arm-none-eabi/13.2.1/../../../arm-none-eabi/lib/thumb/v7e-m+fp/hard/libc_nano.a(libc_a-sbrkr.o)
                              /usr/lib/gcc/arm-none-eabi/13.2.1/../../../arm-none-eabi/lib/thumb/v7e-m+fp/hard/libc_nano.a(libc_a-mallocr.o) (_sbrk_r)
/usr/lib/gcc/arm-none-eabi/13.2.1/../../../arm-none-eabi/lib/thumb/v7e-m+fp/hard/libc_nano.a(libc_a-stdio.o)
                              /usr/lib/gcc/arm-none-eabi/13.2.1/../../../arm-none-eabi/lib/thumb/v7e-m+fp/hard/libc_nano.a(libc_a-findfp.o) (__sread)
/usr/lib/gcc/arm-none-eabi/13.2.1/../../../arm-none-eabi/lib/thumb/v7e-m+fp/hard/libc_nano.a(libc_a-closer.o)
                              /usr/lib/gcc/arm-none-eabi/13.2.1/../../../arm-none-eabi/lib/thumb/v7e-m+fp/hard/libc_nano.a(libc_a-stdio.o) (_close_r)
/usr/lib/gcc/arm-none-eabi/13.2.1/../../../arm-none-eabi/lib/thumb/v7e-m+fp/hard/libc_nano.a(libc_a-__call_atexit.o)
                              /usr/lib/gcc/arm-none-eabi/13.2.1/../../../arm-none-eabi/lib/thumb/v7e-m+fp/hard/libc_nano.a(libc_a-__atexit.o) (__call_exitprocs)
/usr/lib/gcc/arm-none-eabi/13.2.1/../../../arm-none-eabi/lib/thumb/v7e-m+fp/hard/libc_nano.a(libc_a-readr.o)
                              /usr/lib/gcc/arm-none-eabi/13.2.1/../../../arm-none-eabi/lib/thumb/v7e-m+fp/hard/libc_nano.a(libc_a-stdio.o) (_read_r)
/usr/lib/gcc/arm-none-eabi/13.2.1/../../../arm-none-eabi/lib/thumb/v7e-m+fp/hard/libc_nano.a(libc_a-reent.o)
[...]
Memory Configuration

Name             Origin             Length             Attributes
RAM              0x20000000         0x00020000         xrw
CCMRAM           0x10000000         0x00010000         xrw
FLASH            0x08000000         0x00100000         xr
*default*        0x00000000         0xffffffff

Linker script and memory map

LOAD /usr/lib/gcc/arm-none-eabi/13.2.1/thumb/v7e-m+fp/hard/crti.o
LOAD /usr/lib/gcc/arm-none-eabi/13.2.1/thumb/v7e-m+fp/hard/crtbegin.o
LOAD /usr/lib/gcc/arm-none-eabi/13.2.1/../../../arm-none-eabi/lib/thumb/v7e-m+fp/hard/crt0.o
LOAD build/main.o
LOAD build/stm32f4xx_it.o
LOAD build/stm32f4xx_hal_msp.o
LOAD build/usbh_conf.o
LOAD build/usbh_platform.o
LOAD build/usb_host.o
LOAD build/stm32f4xx_hal_rcc.o
LOAD build/stm32f4xx_hal_rcc_ex.o
LOAD build/stm32f4xx_hal_flash.o
LOAD build/stm32f4xx_hal_flash_ex.o
LOAD build/stm32f4xx_hal_flash_ramfunc.o
LOAD build/stm32f4xx_hal_gpio.o
LOAD build/stm32f4xx_hal_pwr.o
LOAD build/stm32f4xx_hal_pwr_ex.o
LOAD build/stm32f4xx_hal_cortex.o
LOAD build/stm32f4xx_hal.o
LOAD build/stm32f4xx_hal_exti.o
LOAD build/system_stm32f4xx.o
LOAD build/usbh_core.o
LOAD build/usbh_ctlreq.o
LOAD build/usbh_ioreq.o
LOAD build/usbh_pipes.o
LOAD build/stm32f4xx_hal_dma.o
LOAD build/stm32f4xx_hal_hcd.o
LOAD build/usbh_cdc.o
LOAD build/stm32f4xx_ll_usb.o
LOAD build/stm32f4xx_hal_dma_ex.o
LOAD build/startup_stm32f407xx.o
LOAD /usr/lib/gcc/arm-none-eabi/13.2.1/../../../arm-none-eabi/lib/thumb/v7e-m+fp/hard/libc_nano.a
LOAD /usr/lib/gcc/arm-none-eabi/13.2.1/../../../arm-none-eabi/lib/thumb/v7e-m+fp/hard/libm.a
LOAD /usr/lib/gcc/arm-none-eabi/13.2.1/../../../arm-none-eabi/lib/thumb/v7e-m+fp/hard/libnosys.a
START GROUP
LOAD /usr/lib/gcc/arm-none-eabi/13.2.1/thumb/v7e-m+fp/hard/libgcc.a
LOAD /usr/lib/gcc/arm-none-eabi/13.2.1/../../../arm-none-eabi/lib/thumb/v7e-m+fp/hard/libc_nano.a
END GROUP
START GROUP
LOAD /usr/lib/gcc/arm-none-eabi/13.2.1/thumb/v7e-m+fp/hard/libgcc.a
LOAD /usr/lib/gcc/arm-none-eabi/13.2.1/../../../arm-none-eabi/lib/thumb/v7e-m+fp/hard/libc_nano.a
END GROUP
LOAD /usr/lib/gcc/arm-none-eabi/13.2.1/thumb/v7e-m+fp/hard/crtend.o
LOAD /usr/lib/gcc/arm-none-eabi/13.2.1/thumb/v7e-m+fp/hard/crtn.o
                0x20020000                        _estack = (ORIGIN (RAM) + LENGTH (RAM))
                0x00000200                        _Min_Heap_Size = 0x200
                0x00000400                        _Min_Stack_Size = 0x400

.isr_vector     0x08000000      0x188
                0x08000000                        . = ALIGN (0x4)
 *(.isr_vector)
 .isr_vector    0x08000000      0x188 build/startup_stm32f407xx.o
                0x08000000                g_pfnVectors
                0x08000188                        . = ALIGN (0x4)

.text           0x08000188     0x4640
                0x08000188                        . = ALIGN (0x4)
 *(.text)
 .text          0x08000188       0x88 /usr/lib/gcc/arm-none-eabi/13.2.1/thumb/v7e-m+fp/hard/crtbegin.o
 .text          0x08000210       0x50 /usr/lib/gcc/arm-none-eabi/13.2.1/../../../arm-none-eabi/lib/thumb/v7e-m+fp/hard/libc_nano.a(libc_a-init.o)
                0x08000210                __libc_init_array
 .text          0x08000260       0xa4 /usr/lib/gcc/arm-none-eabi/13.2.1/../../../arm-none-eabi/lib/thumb/v7e-m+fp/hard/libc_nano.a(libc_a-memset.o)
                0x08000260                memset
 .text          0x08000304       0x20 /usr/lib/gcc/arm-none-eabi/13.2.1/../../../arm-none-eabi/lib/thumb/v7e-m+fp/hard/libc_nano.a(libc_a-malloc.o)
                0x08000304                malloc
                0x08000314                free
 .text          0x08000324      0x148 /usr/lib/gcc/arm-none-eabi/13.2.1/../../../arm-none-eabi/lib/thumb/v7e-m+fp/hard/libc_nano.a(libc_a-mallocr.o)
                0x0800036c                _malloc_r
 .text          0x0800046c       0xbc /usr/lib/gcc/arm-none-eabi/13.2.1/../../../arm-none-eabi/lib/thumb/v7e-m+fp/hard/libc_nano.a(libc_a-freer.o)
                0x0800046c                _free_r
 .text          0x08000528        0x8 /usr/lib/gcc/arm-none-eabi/13.2.1/../../../arm-none-eabi/lib/thumb/v7e-m+fp/hard/libc_nano.a(libc_a-mlock.o)
                0x08000528                __malloc_lock
                0x0800052c                __malloc_unlock
 .text          0x08000530       0x24 /usr/lib/gcc/arm-none-eabi/13.2.1/../../../arm-none-eabi/lib/thumb/v7e-m+fp/hard/libc_nano.a(libc_a-sbrkr.o)
                0x08000530                _sbrk_r
 .text          0x08000554       0x1c /usr/lib/gcc/arm-none-eabi/13.2.1/../../../arm-none-eabi/lib/thumb/v7e-m+fp/hard/libnosys.a(sbrk.o)
                0x08000554                _sbrk
 .text          0x08000570       0x30 /usr/lib/gcc/arm-none-eabi/13.2.1/thumb/v7e-m+fp/hard/libgcc.a(_aeabi_uldivmod.o)
                0x08000570                __aeabi_uldivmod
 .text          0x080005a0      0x2bc /usr/lib/gcc/arm-none-eabi/13.2.1/thumb/v7e-m+fp/hard/libgcc.a(_udivmoddi4.o)
                0x080005a0                __udivmoddi4
 .text          0x0800085c        0x4 /usr/lib/gcc/arm-none-eabi/13.2.1/thumb/v7e-m+fp/hard/libgcc.a(_dvmd_tls.o)
                0x0800085c                __aeabi_ldiv0
                0x0800085c                __aeabi_idiv0
 *(.text*)
 .text.MX_GPIO_Init
                0x08000860      0x194 build/main.o
 .text.Error_Handler
                0x080009f4        0x4 build/main.o
                0x080009f4                Error_Handler
 .text.MX_I2C1_Init
                0x080009f8       0x38 build/main.o
 .text.MX_I2S3_Init
                0x08000a30       0x38 build/main.o
 .text.MX_SPI1_Init
                0x08000a68       0x40 build/main.o
 .text.SystemClock_Config
                0x08000aa8       0xac build/main.o
                0x08000aa8                SystemClock_Config
 .text.main     0x08000b54       0x24 build/main.o
                0x08000b54                main
 .text.NMI_Handler
                0x08000b78        0x2 build/stm32f4xx_it.o
                0x08000b78                NMI_Handler
 .text.HardFault_Handler
                0x08000b7a        0x2 build/stm32f4xx_it.o
                0x08000b7a                HardFault_Handler
 .text.MemManage_Handler
                0x08000b7c        0x2 build/stm32f4xx_it.o
                0x08000b7c                MemManage_Handler
 .text.BusFault_Handler
                0x08000b7e        0x2 build/stm32f4xx_it.o
                0x08000b7e                BusFault_Handler
 .text.UsageFault_Handler
                0x08000b80        0x2 build/stm32f4xx_it.o
                0x08000b80                UsageFault_Handler
 .text.SVC_Handler
                0x08000b82        0x2 build/stm32f4xx_it.o
                0x08000b82                SVC_Handler
 .text.DebugMon_Handler
                0x08000b84        0x2 build/stm32f4xx_it.o
                0x08000b84                DebugMon_Handler
 .text.PendSV_Handler
                0x08000b86        0x2 build/stm32f4xx_it.o
                0x08000b86                PendSV_Handler
 .text.SysTick_Handler
                0x08000b88        0x8 build/stm32f4xx_it.o
                0x08000b88                SysTick_Handler
 .text.EXTI0_IRQHandler
                0x08000b90        0xa build/stm32f4xx_it.o
                0x08000b90                EXTI0_IRQHandler
 *fill*         0x08000b9a        0x2 
 .text.OTG_FS_IRQHandler
                0x08000b9c       0x10 build/stm32f4xx_it.o
                0x08000b9c                OTG_FS_IRQHandler
 .text.HAL_MspInit
                0x08000bac       0x40 build/stm32f4xx_hal_msp.o
                0x08000bac                HAL_MspInit
 .text.HAL_HCD_MspInit
                0x08000bec       0x94 build/usbh_conf.o
                0x08000bec                HAL_HCD_MspInit
 .text.HAL_HCD_SOF_Callback
                0x08000c80        0xc build/usbh_conf.o
                0x08000c80                HAL_HCD_SOF_Callback
 .text.HAL_HCD_Connect_Callback
                0x08000c8c        0xc build/usbh_conf.o
                0x08000c8c                HAL_HCD_Connect_Callback
 .text.HAL_HCD_Disconnect_Callback
                0x08000c98        0xc build/usbh_conf.o
                0x08000c98                HAL_HCD_Disconnect_Callback
 .text.HAL_HCD_HC_NotifyURBChange_Callback
                0x08000ca4        0x2 build/usbh_conf.o
                0x08000ca4                HAL_HCD_HC_NotifyURBChange_Callback
 .text.HAL_HCD_PortEnabled_Callback
                0x08000ca6        0xc build/usbh_conf.o
                0x08000ca6                HAL_HCD_PortEnabled_Callback
 .text.HAL_HCD_PortDisabled_Callback
                0x08000cb2        0xc build/usbh_conf.o
                0x08000cb2                HAL_HCD_PortDisabled_Callback
 *fill*         0x08000cbe        0x2 
 .text.USBH_LL_Init
                0x08000cc0       0x54 build/usbh_conf.o
                0x08000cc0                USBH_LL_Init
 .text.USBH_LL_GetSpeed
                0x08000d14       0x20 build/usbh_conf.o
                0x08000d14                USBH_LL_GetSpeed
 .text.USBH_LL_GetLastXferSize
                0x08000d34        0xc build/usbh_conf.o
                0x08000d34                USBH_LL_GetLastXferSize
 .text.USBH_LL_GetURBState
                0x08000d40        0xc build/usbh_conf.o
                0x08000d40                USBH_LL_GetURBState
 .text.USBH_LL_DriverVBUS
                0x08000d4c       0x1c build/usbh_conf.o
                0x08000d4c                USBH_LL_DriverVBUS
 .text.USBH_LL_SetToggle
                0x08000d68       0x2e build/usbh_conf.o
                0x08000d68                USBH_LL_SetToggle
 .text.USBH_Delay
                0x08000d96        0x8 build/usbh_conf.o
                0x08000d96                USBH_Delay
 .text.USBH_Get_USB_Status
                0x08000d9e       0x14 build/usbh_conf.o
                0x08000d9e                USBH_Get_USB_Status
 .text.USBH_LL_Start
                0x08000db2       0x10 build/usbh_conf.o
                0x08000db2                USBH_LL_Start
 .text.USBH_LL_Stop
                0x08000dc2       0x10 build/usbh_conf.o
                0x08000dc2                USBH_LL_Stop
 .text.USBH_LL_ResetPort
                0x08000dd2       0x10 build/usbh_conf.o
                0x08000dd2                USBH_LL_ResetPort
 .text.USBH_LL_OpenPipe
                0x08000de2       0x26 build/usbh_conf.o
                0x08000de2                USBH_LL_OpenPipe
 .text.USBH_LL_ClosePipe
                0x08000e08       0x10 build/usbh_conf.o
                0x08000e08                USBH_LL_ClosePipe
 .text.USBH_LL_SubmitURB
                0x08000e18       0x2a build/usbh_conf.o
                0x08000e18                USBH_LL_SubmitURB
 *fill*         0x08000e42        0x2 
 .text.MX_DriverVbusFS
                0x08000e44       0x18 build/usbh_platform.o
                0x08000e44                MX_DriverVbusFS
 .text.USBH_UserProcess
                0x08000e5c       0x2c build/usb_host.o
 .text.MX_USB_HOST_Init
                0x08000e88       0x40 build/usb_host.o
                0x08000e88                MX_USB_HOST_Init
 .text.MX_USB_HOST_Process
                0x08000ec8       0x10 build/usb_host.o
                0x08000ec8                MX_USB_HOST_Process
 .text.HAL_RCC_OscConfig
                0x08000ed8      0x3f8 build/stm32f4xx_hal_rcc.o
                0x08000ed8                HAL_RCC_OscConfig
 .text.HAL_RCC_GetSysClockFreq
                0x080012d0       0xdc build/stm32f4xx_hal_rcc.o
                0x080012d0                HAL_RCC_GetSysClockFreq
 .text.HAL_RCC_ClockConfig
                0x080013ac      0x160 build/stm32f4xx_hal_rcc.o
                0x080013ac                HAL_RCC_ClockConfig
 .text.HAL_GPIO_Init
                0x0800150c      0x1ec build/stm32f4xx_hal_gpio.o
                0x0800150c                HAL_GPIO_Init
 .text.HAL_GPIO_WritePin
                0x080016f8        0xc build/stm32f4xx_hal_gpio.o
                0x080016f8                HAL_GPIO_WritePin
 .text.HAL_GPIO_EXTI_Callback
                0x08001704        0x2 build/stm32f4xx_hal_gpio.o
                0x08001704                HAL_GPIO_EXTI_Callback
 *fill*         0x08001706        0x2 
 .text.HAL_GPIO_EXTI_IRQHandler
                0x08001708       0x1c build/stm32f4xx_hal_gpio.o
                0x08001708                HAL_GPIO_EXTI_IRQHandler
 .text.__NVIC_EnableIRQ
                0x08001724       0x1c build/stm32f4xx_hal_cortex.o
 .text.__NVIC_SetPriority
                0x08001740       0x28 build/stm32f4xx_hal_cortex.o
 .text.NVIC_EncodePriority
                0x08001768       0x3e build/stm32f4xx_hal_cortex.o
 *fill*         0x080017a6        0x2 
 .text.HAL_NVIC_SetPriorityGrouping
                0x080017a8       0x24 build/stm32f4xx_hal_cortex.o
                0x080017a8                HAL_NVIC_SetPriorityGrouping
 .text.HAL_NVIC_SetPriority
                0x080017cc       0x20 build/stm32f4xx_hal_cortex.o
                0x080017cc                HAL_NVIC_SetPriority
 .text.HAL_NVIC_EnableIRQ
                0x080017ec        0x8 build/stm32f4xx_hal_cortex.o
                0x080017ec                HAL_NVIC_EnableIRQ
 .text.HAL_SYSTICK_Config
                0x080017f4       0x28 build/stm32f4xx_hal_cortex.o
                0x080017f4                HAL_SYSTICK_Config
 .text.HAL_InitTick
                0x0800181c       0x4c build/stm32f4xx_hal.o
                0x0800181c                HAL_InitTick
 .text.HAL_Init
                0x08001868       0x34 build/stm32f4xx_hal.o
                0x08001868                HAL_Init
 .text.HAL_IncTick
                0x0800189c       0x18 build/stm32f4xx_hal.o
                0x0800189c                HAL_IncTick
 .text.HAL_GetTick
                0x080018b4        0xc build/stm32f4xx_hal.o
                0x080018b4                HAL_GetTick
 .text.HAL_Delay
                0x080018c0       0x28 build/stm32f4xx_hal.o
                0x080018c0                HAL_Delay
 .text.SystemInit
                0x080018e8       0x14 build/system_stm32f4xx.o
                0x080018e8                SystemInit
 .text.USBH_HandleSof
                0x080018fc       0x1a build/usbh_core.o
 .text.DeInitStateMachine
                0x08001916       0x94 build/usbh_core.o
 .text.USBH_HandleEnum
                0x080019aa      0x26e build/usbh_core.o
 .text.USBH_Init
                0x08001c18       0x3e build/usbh_core.o
                0x08001c18                USBH_Init
 .text.USBH_RegisterClass
                0x08001c56       0x22 build/usbh_core.o
                0x08001c56                USBH_RegisterClass
 .text.USBH_SelectInterface
                0x08001c78       0x14 build/usbh_core.o
                0x08001c78                USBH_SelectInterface
 .text.USBH_FindInterface
                0x08001c8c       0x54 build/usbh_core.o
                0x08001c8c                USBH_FindInterface
 .text.USBH_Start
                0x08001ce0       0x14 build/usbh_core.o
                0x08001ce0                USBH_Start
 .text.USBH_Process
                0x08001cf4      0x28e build/usbh_core.o
                0x08001cf4                USBH_Process
 .text.USBH_LL_SetTimer
                0x08001f82        0x6 build/usbh_core.o
                0x08001f82                USBH_LL_SetTimer
 .text.USBH_LL_IncTimer
                0x08001f88       0x12 build/usbh_core.o
                0x08001f88                USBH_LL_IncTimer
 .text.USBH_LL_PortEnabled
                0x08001f9a        0x8 build/usbh_core.o
                0x08001f9a                USBH_LL_PortEnabled
 .text.USBH_LL_PortDisabled
                0x08001fa2        0x8 build/usbh_core.o
                0x08001fa2                USBH_LL_PortDisabled
 .text.USBH_LL_Connect
                0x08001faa       0x14 build/usbh_core.o
                0x08001faa                USBH_LL_Connect
 .text.USBH_LL_Disconnect
                0x08001fbe       0x2c build/usbh_core.o
                0x08001fbe                USBH_LL_Disconnect
 *fill*         0x08001fea        0x2 
 .text.USBH_ParseDevDesc
                0x08001fec       0xf4 build/usbh_ctlreq.o
 .text.USBH_ParseInterfaceDesc
                0x080020e0       0x2c build/usbh_ctlreq.o
 .text.USBH_ParseEPDesc
                0x0800210c       0xe4 build/usbh_ctlreq.o
 .text.USBH_ParseStringDesc
                0x080021f0       0x32 build/usbh_ctlreq.o
 .text.USBH_HandleControl
                0x08002222      0x1d8 build/usbh_ctlreq.o
 .text.USBH_GetNextDesc
                0x080023fa        0xe build/usbh_ctlreq.o
                0x080023fa                USBH_GetNextDesc
 .text.USBH_ParseCfgDesc
                0x08002408      0x172 build/usbh_ctlreq.o
 .text.USBH_CtlReq
                0x0800257a       0x40 build/usbh_ctlreq.o
                0x0800257a                USBH_CtlReq
 .text.USBH_GetDescriptor
                0x080025ba       0x42 build/usbh_ctlreq.o
                0x080025ba                USBH_GetDescriptor
 .text.USBH_Get_DevDesc
                0x080025fc       0x36 build/usbh_ctlreq.o
                0x080025fc                USBH_Get_DevDesc
 .text.USBH_Get_CfgDesc
                0x08002632       0x36 build/usbh_ctlreq.o
                0x08002632                USBH_Get_CfgDesc
 .text.USBH_Get_StringDesc
                0x08002668       0x40 build/usbh_ctlreq.o
                0x08002668                USBH_Get_StringDesc
 .text.USBH_SetAddress
                0x080026a8       0x22 build/usbh_ctlreq.o
                0x080026a8                USBH_SetAddress
 .text.USBH_SetCfg
                0x080026ca       0x22 build/usbh_ctlreq.o
                0x080026ca                USBH_SetCfg
 .text.USBH_SetFeature
                0x080026ec       0x22 build/usbh_ctlreq.o
                0x080026ec                USBH_SetFeature
 .text.USBH_ClrFeature
                0x0800270e       0x24 build/usbh_ctlreq.o
                0x0800270e                USBH_ClrFeature
 .text.USBH_CtlSendSetup
                0x08002732       0x22 build/usbh_ioreq.o
                0x08002732                USBH_CtlSendSetup
 .text.USBH_CtlSendData
                0x08002754       0x2c build/usbh_ioreq.o
                0x08002754                USBH_CtlSendData
 .text.USBH_CtlReceiveData
                0x08002780       0x20 build/usbh_ioreq.o
                0x08002780                USBH_CtlReceiveData
 .text.USBH_BulkSendData
                0x080027a0       0x2c build/usbh_ioreq.o
                0x080027a0                USBH_BulkSendData
 .text.USBH_BulkReceiveData
                0x080027cc       0x20 build/usbh_ioreq.o
                0x080027cc                USBH_BulkReceiveData
 .text.USBH_GetFreePipe
                0x080027ec       0x26 build/usbh_pipes.o
 .text.USBH_OpenPipe
                0x08002812       0x20 build/usbh_pipes.o
                0x08002812                USBH_OpenPipe
 .text.USBH_ClosePipe
                0x08002832        0xa build/usbh_pipes.o
                0x08002832                USBH_ClosePipe
 .text.USBH_AllocPipe
                0x0800283c       0x26 build/usbh_pipes.o
                0x0800283c                USBH_AllocPipe
 .text.USBH_FreePipe
                0x08002862       0x16 build/usbh_pipes.o
                0x08002862                USBH_FreePipe
 .text.HCD_RXQLVL_IRQHandler
                0x08002878       0xac build/stm32f4xx_hal_hcd.o
 .text.HAL_HCD_HC_Halt
                0x08002924       0x24 build/stm32f4xx_hal_hcd.o
                0x08002924                HAL_HCD_HC_Halt
 .text.HAL_HCD_Init
                0x08002948       0x8e build/stm32f4xx_hal_hcd.o
                0x08002948                HAL_HCD_Init
 .text.HAL_HCD_HC_SubmitRequest
                0x080029d6      0x1ce build/stm32f4xx_hal_hcd.o
                0x080029d6                HAL_HCD_HC_SubmitRequest
 .text.HCD_Port_IRQHandler
                0x08002ba4       0xb0 build/stm32f4xx_hal_hcd.o
 .text.HCD_HC_IN_IRQHandler
                0x08002c54      0x5bc build/stm32f4xx_hal_hcd.o
 .text.HCD_HC_OUT_IRQHandler
                0x08003210      0x48c build/stm32f4xx_hal_hcd.o
 .text.HAL_HCD_IRQHandler
                0x0800369c      0x15c build/stm32f4xx_hal_hcd.o
                0x0800369c                HAL_HCD_IRQHandler
 .text.HAL_HCD_Start
                0x080037f8       0x2a build/stm32f4xx_hal_hcd.o
                0x080037f8                HAL_HCD_Start
 .text.HAL_HCD_Stop
                0x08003822       0x24 build/stm32f4xx_hal_hcd.o
                0x08003822                HAL_HCD_Stop
 .text.HAL_HCD_ResetPort
                0x08003846        0xa build/stm32f4xx_hal_hcd.o
                0x08003846                HAL_HCD_ResetPort
 .text.HAL_HCD_HC_GetURBState
                0x08003850        0xe build/stm32f4xx_hal_hcd.o
                0x08003850                HAL_HCD_HC_GetURBState
 .text.HAL_HCD_HC_GetXferCount
                0x0800385e        0xc build/stm32f4xx_hal_hcd.o
                0x0800385e                HAL_HCD_HC_GetXferCount
 .text.HAL_HCD_GetCurrentFrame
                0x0800386a        0xa build/stm32f4xx_hal_hcd.o
                0x0800386a                HAL_HCD_GetCurrentFrame
 .text.HAL_HCD_GetCurrentSpeed
                0x08003874        0xa build/stm32f4xx_hal_hcd.o
                0x08003874                HAL_HCD_GetCurrentSpeed
 .text.HAL_HCD_HC_ClearHubInfo
                0x0800387e       0x18 build/stm32f4xx_hal_hcd.o
                0x0800387e                HAL_HCD_HC_ClearHubInfo
 .text.HAL_HCD_HC_Init
                0x08003896       0xca build/stm32f4xx_hal_hcd.o
                0x08003896                HAL_HCD_HC_Init
 .text.USBH_CDC_SOFProcess
                0x08003960        0x4 build/usbh_cdc.o
 .text.SetLineCoding
                0x08003964       0x1a build/usbh_cdc.o
 .text.GetLineCoding
                0x0800397e       0x1a build/usbh_cdc.o
 .text.USBH_CDC_ClassRequest
                0x08003998       0x22 build/usbh_cdc.o
 .text.USBH_CDC_InterfaceDeInit
                0x080039ba       0x68 build/usbh_cdc.o
 .text.USBH_CDC_InterfaceInit
                0x08003a22      0x186 build/usbh_cdc.o
 .text.USBH_CDC_TransmitCallback
                0x08003ba8        0x2 build/usbh_cdc.o
                0x08003ba8                USBH_CDC_TransmitCallback
 .text.CDC_ProcessTransmission
                0x08003baa       0x92 build/usbh_cdc.o
 .text.USBH_CDC_ReceiveCallback
                0x08003c3c        0x2 build/usbh_cdc.o
                0x08003c3c                USBH_CDC_ReceiveCallback
 .text.CDC_ProcessReception
                0x08003c3e       0x66 build/usbh_cdc.o
 .text.USBH_CDC_LineCodingChanged
                0x08003ca4        0x2 build/usbh_cdc.o
                0x08003ca4                USBH_CDC_LineCodingChanged
 .text.USBH_CDC_Process
                0x08003ca6       0xae build/usbh_cdc.o
 .text.USB_CoreReset
                0x08003d54       0x4a build/stm32f4xx_ll_usb.o
 .text.USB_CoreInit
                0x08003d9e       0x92 build/stm32f4xx_ll_usb.o
                0x08003d9e                USB_CoreInit
 .text.USB_EnableGlobalInt
                0x08003e30        0xc build/stm32f4xx_ll_usb.o
                0x08003e30                USB_EnableGlobalInt
 .text.USB_DisableGlobalInt
                0x08003e3c        0xc build/stm32f4xx_ll_usb.o
                0x08003e3c                USB_DisableGlobalInt
 .text.USB_FlushTxFifo
                0x08003e48       0x4a build/stm32f4xx_ll_usb.o
                0x08003e48                USB_FlushTxFifo
 .text.USB_FlushRxFifo
                0x08003e92       0x46 build/stm32f4xx_ll_usb.o
                0x08003e92                USB_FlushRxFifo
 .text.USB_WritePacket
                0x08003ed8       0x2e build/stm32f4xx_ll_usb.o
                0x08003ed8                USB_WritePacket
 .text.USB_ReadPacket
                0x08003f06       0x46 build/stm32f4xx_ll_usb.o
                0x08003f06                USB_ReadPacket
 .text.USB_ReadInterrupts
                0x08003f4c        0x8 build/stm32f4xx_ll_usb.o
                0x08003f4c                USB_ReadInterrupts
 .text.USB_ReadChInterrupts
                0x08003f54       0x12 build/stm32f4xx_ll_usb.o
                0x08003f54                USB_ReadChInterrupts
 .text.USB_GetMode
                0x08003f66        0x8 build/stm32f4xx_ll_usb.o
                0x08003f66                USB_GetMode
 .text.USB_SetCurrentMode
                0x08003f6e       0x62 build/stm32f4xx_ll_usb.o
                0x08003f6e                USB_SetCurrentMode
 .text.USB_HostInit
                0x08003fd0      0x100 build/stm32f4xx_ll_usb.o
                0x08003fd0                USB_HostInit
 .text.USB_InitFSLSPClkSel
                0x080040d0       0x42 build/stm32f4xx_ll_usb.o
                0x080040d0                USB_InitFSLSPClkSel
 .text.USB_ResetPort
                0x08004112       0x3e build/stm32f4xx_ll_usb.o
                0x08004112                USB_ResetPort
 .text.USB_DriveVbus
                0x08004150       0x46 build/stm32f4xx_ll_usb.o
                0x08004150                USB_DriveVbus
 .text.USB_GetHostSpeed
                0x08004196       0x16 build/stm32f4xx_ll_usb.o
                0x08004196                USB_GetHostSpeed
 .text.USB_GetCurrentFrame
                0x080041ac        0xa build/stm32f4xx_ll_usb.o
                0x080041ac                USB_GetCurrentFrame
 *fill*         0x080041b6        0x2 
 .text.USB_HC_Init
                0x080041b8      0x130 build/stm32f4xx_ll_usb.o
                0x080041b8                USB_HC_Init
 .text.USB_HC_ReadInterrupt
                0x080042e8        0xa build/stm32f4xx_ll_usb.o
                0x080042e8                USB_HC_ReadInterrupt
 .text.USB_HC_Halt
                0x080042f2       0xfc build/stm32f4xx_ll_usb.o
                0x080042f2                USB_HC_Halt
 *fill*         0x080043ee        0x2 
 .text.USB_DoPing
                0x080043f0       0x24 build/stm32f4xx_ll_usb.o
                0x080043f0                USB_DoPing
 .text.USB_HC_StartXfer
                0x08004414      0x2b4 build/stm32f4xx_ll_usb.o
                0x08004414                USB_HC_StartXfer
 .text.USB_StopHost
                0x080046c8       0x92 build/stm32f4xx_ll_usb.o
                0x080046c8                USB_StopHost
 *fill*         0x0800475a        0x2 
 .text.Reset_Handler
                0x0800475c       0x50 build/startup_stm32f407xx.o
                0x0800475c                Reset_Handler
 .text.Default_Handler
                0x080047ac        0x2 build/startup_stm32f407xx.o
                0x080047ac                RTC_Alarm_IRQHandler
                0x080047ac                HASH_RNG_IRQHandler
                0x080047ac                EXTI2_IRQHandler
                0x080047ac                TIM8_CC_IRQHandler
                0x080047ac                TIM1_CC_IRQHandler
                0x080047ac                DMA2_Stream5_IRQHandler
                0x080047ac                DMA1_Stream5_IRQHandler
                0x080047ac                PVD_IRQHandler
                0x080047ac                SDIO_IRQHandler
                0x080047ac                TAMP_STAMP_IRQHandler
                0x080047ac                CAN2_RX1_IRQHandler
                0x080047ac                EXTI3_IRQHandler
                0x080047ac                TIM8_TRG_COM_TIM14_IRQHandler
                0x080047ac                TIM1_UP_TIM10_IRQHandler
                0x080047ac                TIM8_UP_TIM13_IRQHandler
                0x080047ac                I2C3_ER_IRQHandler
                0x080047ac                I2C2_EV_IRQHandler
                0x080047ac                DMA1_Stream2_IRQHandler
                0x080047ac                CAN1_RX0_IRQHandler
                0x080047ac                FPU_IRQHandler
                0x080047ac                OTG_HS_WKUP_IRQHandler
                0x080047ac                CAN2_SCE_IRQHandler
                0x080047ac                DMA2_Stream2_IRQHandler
                0x080047ac                SPI1_IRQHandler
                0x080047ac                TIM6_DAC_IRQHandler
                0x080047ac                TIM1_BRK_TIM9_IRQHandler
                0x080047ac                DCMI_IRQHandler
                0x080047ac                CAN2_RX0_IRQHandler
                0x080047ac                DMA2_Stream3_IRQHandler
                0x080047ac                USART6_IRQHandler
                0x080047ac                USART3_IRQHandler
                0x080047ac                CAN1_RX1_IRQHandler
                0x080047ac                UART5_IRQHandler
                0x080047ac                DMA2_Stream0_IRQHandler
                0x080047ac                TIM4_IRQHandler
                0x080047ac                I2C1_EV_IRQHandler
                0x080047ac                DMA1_Stream6_IRQHandler
                0x080047ac                DMA1_Stream1_IRQHandler
                0x080047ac                UART4_IRQHandler
                0x080047ac                TIM3_IRQHandler
                0x080047ac                RCC_IRQHandler
                0x080047ac                TIM8_BRK_TIM12_IRQHandler
                0x080047ac                Default_Handler
                0x080047ac                EXTI15_10_IRQHandler
                0x080047ac                ADC_IRQHandler
                0x080047ac                DMA1_Stream7_IRQHandler
                0x080047ac                TIM7_IRQHandler
                0x080047ac                CAN2_TX_IRQHandler
                0x080047ac                TIM5_IRQHandler
                0x080047ac                DMA2_Stream7_IRQHandler
                0x080047ac                I2C3_EV_IRQHandler
                0x080047ac                EXTI9_5_IRQHandler
                0x080047ac                RTC_WKUP_IRQHandler
                0x080047ac                ETH_WKUP_IRQHandler
                0x080047ac                SPI2_IRQHandler
                0x080047ac                OTG_HS_EP1_IN_IRQHandler
                0x080047ac                DMA1_Stream0_IRQHandler
                0x080047ac                CAN1_TX_IRQHandler
                0x080047ac                EXTI4_IRQHandler
                0x080047ac                FSMC_IRQHandler
                0x080047ac                ETH_IRQHandler
                0x080047ac                OTG_HS_EP1_OUT_IRQHandler
                0x080047ac                WWDG_IRQHandler
                0x080047ac                TIM2_IRQHandler
                0x080047ac                OTG_FS_WKUP_IRQHandler
                0x080047ac                TIM1_TRG_COM_TIM11_IRQHandler
                0x080047ac                OTG_HS_IRQHandler
                0x080047ac                EXTI1_IRQHandler
                0x080047ac                USART2_IRQHandler
                0x080047ac                I2C2_ER_IRQHandler
                0x080047ac                DMA2_Stream1_IRQHandler
                0x080047ac                CAN1_SCE_IRQHandler
                0x080047ac                FLASH_IRQHandler
                0x080047ac                DMA2_Stream4_IRQHandler
                0x080047ac                USART1_IRQHandler
                0x080047ac                SPI3_IRQHandler
                0x080047ac                DMA1_Stream4_IRQHandler
                0x080047ac                I2C1_ER_IRQHandler
                0x080047ac                DMA2_Stream6_IRQHandler
                0x080047ac                DMA1_Stream3_IRQHandler
 *(.glue_7)
 .glue_7        0x080047ae        0x0 linker stubs
 *(.glue_7t)
 .glue_7t       0x080047ae        0x0 linker stubs
 *(.eh_frame)
 *fill*         0x080047ae        0x2 
 .eh_frame      0x080047b0        0x0 /usr/lib/gcc/arm-none-eabi/13.2.1/thumb/v7e-m+fp/hard/crtbegin.o
 *(.init)
 .init          0x080047b0        0x4 /usr/lib/gcc/arm-none-eabi/13.2.1/thumb/v7e-m+fp/hard/crti.o
                0x080047b0                _init
 .init          0x080047b4        0x8 /usr/lib/gcc/arm-none-eabi/13.2.1/thumb/v7e-m+fp/hard/crtn.o
 *(.fini)
 .fini          0x080047bc        0x4 /usr/lib/gcc/arm-none-eabi/13.2.1/thumb/v7e-m+fp/hard/crti.o
                0x080047bc                _fini
 .fini          0x080047c0        0x8 /usr/lib/gcc/arm-none-eabi/13.2.1/thumb/v7e-m+fp/hard/crtn.o
                0x080047c8                        . = ALIGN (0x4)
                0x080047c8                        _etext = .

.vfp11_veneer   0x080047c8        0x0
 .vfp11_veneer  0x080047c8        0x0 linker stubs

.v4_bx          0x080047c8        0x0
 .v4_bx         0x080047c8        0x0 linker stubs

.iplt           0x080047c8        0x0
 .iplt          0x080047c8        0x0 /usr/lib/gcc/arm-none-eabi/13.2.1/thumb/v7e-m+fp/hard/crtbegin.o

.rodata         0x080047c8       0x14
                0x080047c8                        . = ALIGN (0x4)
 *(.rodata)
 *(.rodata*)
 .rodata.AHBPrescTable
                0x080047c8       0x10 build/system_stm32f4xx.o
                0x080047c8                AHBPrescTable
 .rodata.str1.4
                0x080047d8        0x4 build/usbh_cdc.o
                0x080047dc                        . = ALIGN (0x4)

.ARM.extab      0x080047dc        0x0
                0x080047dc                        . = ALIGN (0x4)
 *(.ARM.extab* .gnu.linkonce.armextab.*)
                0x080047dc                        . = ALIGN (0x4)

.ARM            0x080047dc        0x8
                0x080047dc                        . = ALIGN (0x4)
                0x080047dc                        __exidx_start = .
 *(.ARM.exidx*)
 .ARM.exidx     0x080047dc        0x8 /usr/lib/gcc/arm-none-eabi/13.2.1/thumb/v7e-m+fp/hard/libgcc.a(_udivmoddi4.o)
                0x080047e4                        __exidx_end = .
                0x080047e4                        . = ALIGN (0x4)

.preinit_array  0x080047e4        0x0
                0x080047e4                        . = ALIGN (0x4)
                0x080047e4                        PROVIDE (__preinit_array_start = .)
 *(.preinit_array*)
                0x080047e4                        PROVIDE (__preinit_array_end = .)
                0x080047e4                        . = ALIGN (0x4)

.init_array     0x080047e4        0x4
                0x080047e4                        . = ALIGN (0x4)
                0x080047e4                        PROVIDE (__init_array_start = .)
 *(SORT_BY_NAME(.init_array.*))
 *(.init_array*)
 .init_array    0x080047e4        0x4 /usr/lib/gcc/arm-none-eabi/13.2.1/thumb/v7e-m+fp/hard/crtbegin.o
                0x080047e8                        PROVIDE (__init_array_end = .)
                0x080047e8                        . = ALIGN (0x4)

.fini_array     0x080047e8        0x4
                0x080047e8                        . = ALIGN (0x4)
                0x080047e8                        PROVIDE (__fini_array_start = .)
 *(SORT_BY_NAME(.fini_array.*))
 *(.fini_array*)
 .fini_array    0x080047e8        0x4 /usr/lib/gcc/arm-none-eabi/13.2.1/thumb/v7e-m+fp/hard/crtbegin.o
                0x080047ec                        PROVIDE (__fini_array_end = .)
                0x080047ec                        . = ALIGN (0x4)
                0x080047ec                        _sidata = LOADADDR (.data)

.rel.dyn        0x080047ec        0x0
 .rel.iplt      0x080047ec        0x0 /usr/lib/gcc/arm-none-eabi/13.2.1/thumb/v7e-m+fp/hard/crtbegin.o

.data           0x20000000       0x7c load address 0x080047ec
                0x20000000                        . = ALIGN (0x4)
                0x20000000                        _sdata = .
 *(.data)
 .data          0x20000000       0x50 /usr/lib/gcc/arm-none-eabi/13.2.1/../../../arm-none-eabi/lib/thumb/v7e-m+fp/hard/libc_nano.a(libc_a-impure.o)
                0x20000000                _impure_ptr
                0x20000004                _impure_data
 *(.data*)
 .data.uwTickFreq
                0x20000050        0x1 build/stm32f4xx_hal.o
                0x20000050                uwTickFreq
 *fill*         0x20000051        0x3 
 .data.uwTickPrio
                0x20000054        0x4 build/stm32f4xx_hal.o
                0x20000054                uwTickPrio
 .data.SystemCoreClock
                0x20000058        0x4 build/system_stm32f4xx.o
                0x20000058                SystemCoreClock
 .data.CDC_Class
                0x2000005c       0x20 build/usbh_cdc.o
                0x2000005c                CDC_Class
 *(.RamFunc)
 *(.RamFunc*)
                0x2000007c                        . = ALIGN (0x4)
                0x2000007c                        _edata = .
                0x08004868                        _siccmram = LOADADDR (.ccmram)

.tm_clone_table
                0x2000007c        0x0 load address 0x08004868
 .tm_clone_table
                0x2000007c        0x0 /usr/lib/gcc/arm-none-eabi/13.2.1/thumb/v7e-m+fp/hard/crtbegin.o
 .tm_clone_table
                0x2000007c        0x0 /usr/lib/gcc/arm-none-eabi/13.2.1/thumb/v7e-m+fp/hard/crtend.o

.igot.plt       0x2000007c        0x0 load address 0x08004868
 .igot.plt      0x2000007c        0x0 /usr/lib/gcc/arm-none-eabi/13.2.1/thumb/v7e-m+fp/hard/crtbegin.o

.ccmram         0x10000000        0x0 load address 0x08004868
                0x10000000                        . = ALIGN (0x4)
                0x10000000                        _sccmram = .
 *(.ccmram)
 *(.ccmram*)
                0x10000000                        . = ALIGN (0x4)
                0x10000000                        _eccmram = .
                0x10000000                        . = ALIGN (0x4)

.bss            0x2000007c      0xa1c
                0x2000007c                        _sbss = .
                0x2000007c                        __bss_start__ = _sbss
 *(.bss)
 .bss           0x2000007c       0x1c /usr/lib/gcc/arm-none-eabi/13.2.1/thumb/v7e-m+fp/hard/crtbegin.o
 .bss           0x20000098      0x13c /usr/lib/gcc/arm-none-eabi/13.2.1/../../../arm-none-eabi/lib/thumb/v7e-m+fp/hard/libc_nano.a(libc_a-findfp.o)
                0x20000098                __sf
                0x200001d0                __stdio_exit_handler
 .bss           0x200001d4        0x8 /usr/lib/gcc/arm-none-eabi/13.2.1/../../../arm-none-eabi/lib/thumb/v7e-m+fp/hard/libc_nano.a(libc_a-mallocr.o)
                0x200001d4                __malloc_sbrk_start
                0x200001d8                __malloc_free_list
 .bss           0x200001dc        0x4 /usr/lib/gcc/arm-none-eabi/13.2.1/../../../arm-none-eabi/lib/thumb/v7e-m+fp/hard/libc_nano.a(libc_a-reent.o)
                0x200001dc                errno
 .bss           0x200001e0        0x4 /usr/lib/gcc/arm-none-eabi/13.2.1/../../../arm-none-eabi/lib/thumb/v7e-m+fp/hard/libnosys.a(sbrk.o)
 *(.bss*)
 .bss.hspi1     0x200001e4       0x58 build/main.o
                0x200001e4                hspi1
 .bss.hi2s3     0x2000023c       0x48 build/main.o
                0x2000023c                hi2s3
 .bss.hi2c1     0x20000284       0x54 build/main.o
                0x20000284                hi2c1
 .bss.hhcd_USB_OTG_FS
                0x200002d8      0x3e0 build/usbh_conf.o
                0x200002d8                hhcd_USB_OTG_FS
 .bss.Appli_state
                0x200006b8        0x1 build/usb_host.o
                0x200006b8                Appli_state
 *fill*         0x200006b9        0x3 
 .bss.hUsbHostFS
                0x200006bc      0x3d8 build/usb_host.o
                0x200006bc                hUsbHostFS
 .bss.uwTick    0x20000a94        0x4 build/stm32f4xx_hal.o
                0x20000a94                uwTick
 *(COMMON)
                0x20000a98                        . = ALIGN (0x4)
                0x20000a98                        _ebss = .
                0x20000a98                        __bss_end__ = _ebss

._user_heap_stack
                0x20000a98      0x600
                0x20000a98                        . = ALIGN (0x8)
                0x20000a98                        PROVIDE (end = .)
                [!provide]                        PROVIDE (_end = .)
                0x20000c98                        . = (. + _Min_Heap_Size)
 *fill*         0x20000a98      0x200 
                0x20001098                        . = (. + _Min_Stack_Size)
 *fill*         0x20000c98      0x400 
                0x20001098                        . = ALIGN (0x8)

/DISCARD/
 libc.a(*)
 libm.a(*)
 libgcc.a(*)
OUTPUT(build/rfidreader-arm.elf elf32-littlearm)
LOAD linker stubs
LOAD /usr/lib/gcc/arm-none-eabi/13.2.1/../../../arm-none-eabi/lib/thumb/v7e-m+fp/hard/libc.a
LOAD /usr/lib/gcc/arm-none-eabi/13.2.1/../../../arm-none-eabi/lib/thumb/v7e-m+fp/hard/libm.a
LOAD /usr/lib/gcc/arm-none-eabi/13.2.1/thumb/v7e-m+fp/hard/libgcc.a

.ARM.attributes
                0x00000000       0x30
 .ARM.attributes
                0x00000000       0x22 /usr/lib/gcc/arm-none-eabi/13.2.1/thumb/v7e-m+fp/hard/crti.o
 .ARM.attributes
                0x00000022       0x34 /usr/lib/gcc/arm-none-eabi/13.2.1/thumb/v7e-m+fp/hard/crtbegin.o
 .ARM.attributes
                0x00000056       0x34 build/main.o
 .ARM.attributes
                0x0000008a       0x34 build/stm32f4xx_it.o
 .ARM.attributes
                0x000000be       0x34 build/stm32f4xx_hal_msp.o
 .ARM.attributes
                0x000000f2       0x34 build/usbh_conf.o
 .ARM.attributes
                0x00000126       0x34 build/usbh_platform.o
 .ARM.attributes
                0x0000015a       0x34 build/usb_host.o
 .ARM.attributes
                0x0000018e       0x34 build/stm32f4xx_hal_rcc.o
 .ARM.attributes
                0x000001c2       0x34 build/stm32f4xx_hal_gpio.o
 .ARM.attributes
                0x000001f6       0x34 build/stm32f4xx_hal_cortex.o
 .ARM.attributes
                0x0000022a       0x34 build/stm32f4xx_hal.o
 .ARM.attributes
                0x0000025e       0x34 build/system_stm32f4xx.o
 .ARM.attributes
                0x00000292       0x34 build/usbh_core.o
 .ARM.attributes
                0x000002c6       0x34 build/usbh_ctlreq.o
 .ARM.attributes
                0x000002fa       0x34 build/usbh_ioreq.o
 .ARM.attributes
                0x0000032e       0x34 build/usbh_pipes.o
 .ARM.attributes
                0x00000362       0x34 build/stm32f4xx_hal_hcd.o
 .ARM.attributes
                0x00000396       0x34 build/usbh_cdc.o
 .ARM.attributes
                0x000003ca       0x34 build/stm32f4xx_ll_usb.o
 .ARM.attributes
                0x000003fe       0x21 build/startup_stm32f407xx.o
 .ARM.attributes
                0x0000041f       0x34 /usr/lib/gcc/arm-none-eabi/13.2.1/../../../arm-none-eabi/lib/thumb/v7e-m+fp/hard/libc_nano.a(libc_a-init.o)
 .ARM.attributes
                0x00000453       0x34 /usr/lib/gcc/arm-none-eabi/13.2.1/../../../arm-none-eabi/lib/thumb/v7e-m+fp/hard/libc_nano.a(libc_a-memset.o)
 .ARM.attributes
                0x00000487       0x34 /usr/lib/gcc/arm-none-eabi/13.2.1/../../../arm-none-eabi/lib/thumb/v7e-m+fp/hard/libc_nano.a(libc_a-malloc.o)
 .ARM.attributes
                0x000004bb       0x34 /usr/lib/gcc/arm-none-eabi/13.2.1/../../../arm-none-eabi/lib/thumb/v7e-m+fp/hard/libc_nano.a(libc_a-impure.o)
 .ARM.attributes
                0x000004ef       0x34 /usr/lib/gcc/arm-none-eabi/13.2.1/../../../arm-none-eabi/lib/thumb/v7e-m+fp/hard/libc_nano.a(libc_a-findfp.o)
 .ARM.attributes
                0x00000523       0x34 /usr/lib/gcc/arm-none-eabi/13.2.1/../../../arm-none-eabi/lib/thumb/v7e-m+fp/hard/libc_nano.a(libc_a-mallocr.o)
 .ARM.attributes
                0x00000557       0x34 /usr/lib/gcc/arm-none-eabi/13.2.1/../../../arm-none-eabi/lib/thumb/v7e-m+fp/hard/libc_nano.a(libc_a-freer.o)
 .ARM.attributes
                0x0000058b       0x34 /usr/lib/gcc/arm-none-eabi/13.2.1/../../../arm-none-eabi/lib/thumb/v7e-m+fp/hard/libc_nano.a(libc_a-mlock.o)
 .ARM.attributes
                0x000005bf       0x34 /usr/lib/gcc/arm-none-eabi/13.2.1/../../../arm-none-eabi/lib/thumb/v7e-m+fp/hard/libc_nano.a(libc_a-sbrkr.o)
 .ARM.attributes
                0x000005f3       0x34 /usr/lib/gcc/arm-none-eabi/13.2.1/../../../arm-none-eabi/lib/thumb/v7e-m+fp/hard/libc_nano.a(libc_a-reent.o)
 .ARM.attributes
                0x00000627       0x34 /usr/lib/gcc/arm-none-eabi/13.2.1/../../../arm-none-eabi/lib/thumb/v7e-m+fp/hard/libnosys.a(sbrk.o)
 .ARM.attributes
                0x0000065b       0x22 /usr/lib/gcc/arm-none-eabi/13.2.1/thumb/v7e-m+fp/hard/libgcc.a(_aeabi_uldivmod.o)
 .ARM.attributes
                0x0000067d       0x34 /usr/lib/gcc/arm-none-eabi/13.2.1/thumb/v7e-m+fp/hard/libgcc.a(_udivmoddi4.o)
 .ARM.attributes
                0x000006b1       0x22 /usr/lib/gcc/arm-none-eabi/13.2.1/thumb/v7e-m+fp/hard/libgcc.a(_dvmd_tls.o)
 .ARM.attributes
                0x000006d3       0x34 /usr/lib/gcc/arm-none-eabi/13.2.1/thumb/v7e-m+fp/hard/crtend.o
 .ARM.attributes
                0x00000707       0x22 /usr/lib/gcc/arm-none-eabi/13.2.1/thumb/v7e-m+fp/hard/crtn.o

.comment        0x00000000       0x26
 .comment       0x00000000       0x26 /usr/lib/gcc/arm-none-eabi/13.2.1/thumb/v7e-m+fp/hard/crtbegin.o
                                 0x27 (size before relaxing)
 .comment       0x00000026       0x27 build/main.o
 .comment       0x00000026       0x27 build/stm32f4xx_it.o
 .comment       0x00000026       0x27 build/stm32f4xx_hal_msp.o
 .comment       0x00000026       0x27 build/usbh_conf.o
 .comment       0x00000026       0x27 build/usbh_platform.o
 .comment       0x00000026       0x27 build/usb_host.o
 .comment       0x00000026       0x27 build/stm32f4xx_hal_rcc.o
 .comment       0x00000026       0x27 build/stm32f4xx_hal_gpio.o
 .comment       0x00000026       0x27 build/stm32f4xx_hal_cortex.o
 .comment       0x00000026       0x27 build/stm32f4xx_hal.o
 .comment       0x00000026       0x27 build/system_stm32f4xx.o
 .comment       0x00000026       0x27 build/usbh_core.o
 .comment       0x00000026       0x27 build/usbh_ctlreq.o
 .comment       0x00000026       0x27 build/usbh_ioreq.o
 .comment       0x00000026       0x27 build/usbh_pipes.o
 .comment       0x00000026       0x27 build/stm32f4xx_hal_hcd.o
 .comment       0x00000026       0x27 build/usbh_cdc.o
 .comment       0x00000026       0x27 build/stm32f4xx_ll_usb.o
 .comment       0x00000026       0x27 /usr/lib/gcc/arm-none-eabi/13.2.1/../../../arm-none-eabi/lib/thumb/v7e-m+fp/hard/libc_nano.a(libc_a-init.o)
 .comment       0x00000026       0x27 /usr/lib/gcc/arm-none-eabi/13.2.1/../../../arm-none-eabi/lib/thumb/v7e-m+fp/hard/libc_nano.a(libc_a-memset.o)
 .comment       0x00000026       0x27 /usr/lib/gcc/arm-none-eabi/13.2.1/../../../arm-none-eabi/lib/thumb/v7e-m+fp/hard/libc_nano.a(libc_a-malloc.o)
 .comment       0x00000026       0x27 /usr/lib/gcc/arm-none-eabi/13.2.1/../../../arm-none-eabi/lib/thumb/v7e-m+fp/hard/libc_nano.a(libc_a-impure.o)
 .comment       0x00000026       0x27 /usr/lib/gcc/arm-none-eabi/13.2.1/../../../arm-none-eabi/lib/thumb/v7e-m+fp/hard/libc_nano.a(libc_a-findfp.o)
 .comment       0x00000026       0x27 /usr/lib/gcc/arm-none-eabi/13.2.1/../../../arm-none-eabi/lib/thumb/v7e-m+fp/hard/libc_nano.a(libc_a-mallocr.o)
 .comment       0x00000026       0x27 /usr/lib/gcc/arm-none-eabi/13.2.1/../../../arm-none-eabi/lib/thumb/v7e-m+fp/hard/libc_nano.a(libc_a-freer.o)
 .comment       0x00000026       0x27 /usr/lib/gcc/arm-none-eabi/13.2.1/../../../arm-none-eabi/lib/thumb/v7e-m+fp/hard/libc_nano.a(libc_a-mlock.o)
 .comment       0x00000026       0x27 /usr/lib/gcc/arm-none-eabi/13.2.1/../../../arm-none-eabi/lib/thumb/v7e-m+fp/hard/libc_nano.a(libc_a-sbrkr.o)
 .comment       0x00000026       0x27 /usr/lib/gcc/arm-none-eabi/13.2.1/../../../arm-none-eabi/lib/thumb/v7e-m+fp/hard/libc_nano.a(libc_a-reent.o)
 .comment       0x00000026       0x27 /usr/lib/gcc/arm-none-eabi/13.2.1/../../../arm-none-eabi/lib/thumb/v7e-m+fp/hard/libnosys.a(sbrk.o)
 .comment       0x00000026       0x27 /usr/lib/gcc/arm-none-eabi/13.2.1/thumb/v7e-m+fp/hard/libgcc.a(_udivmoddi4.o)
 .comment       0x00000026       0x27 /usr/lib/gcc/arm-none-eabi/13.2.1/thumb/v7e-m+fp/hard/crtend.o

.debug_info     0x00000000    0x18f4d
 .debug_info    0x00000000     0x1861 build/main.o
 .debug_info    0x00001861      0x7cc build/stm32f4xx_it.o
 .debug_info    0x0000202d     0x1317 build/stm32f4xx_hal_msp.o
 .debug_info    0x00003344     0x2384 build/usbh_conf.o
 .debug_info    0x000056c8      0x201 build/usbh_platform.o
 .debug_info    0x000058c9      0xbeb build/usb_host.o
 .debug_info    0x000064b4      0xbda build/stm32f4xx_hal_rcc.o
 .debug_info    0x0000708e      0x824 build/stm32f4xx_hal_gpio.o
 .debug_info    0x000078b2     0x11bc build/stm32f4xx_hal_cortex.o
 .debug_info    0x00008a6e      0xaee build/stm32f4xx_hal.o
 .debug_info    0x0000955c      0x59b build/system_stm32f4xx.o
 .debug_info    0x00009af7     0x17eb build/usbh_core.o
 .debug_info    0x0000b2e2     0x15d2 build/usbh_ctlreq.o
 .debug_info    0x0000c8b4     0x10e8 build/usbh_ioreq.o
 .debug_info    0x0000d99c      0xcae build/usbh_pipes.o
 .debug_info    0x0000e64a     0x1b32 build/stm32f4xx_hal_hcd.o
 .debug_info    0x0001017c     0x1aed build/usbh_cdc.o
 .debug_info    0x00011c69     0x21de build/stm32f4xx_ll_usb.o
 .debug_info    0x00013e47       0x30 build/startup_stm32f407xx.o
 .debug_info    0x00013e77      0x10b /usr/lib/gcc/arm-none-eabi/13.2.1/../../../arm-none-eabi/lib/thumb/v7e-m+fp/hard/libc_nano.a(libc_a-init.o)
 .debug_info    0x00013f82      0x135 /usr/lib/gcc/arm-none-eabi/13.2.1/../../../arm-none-eabi/lib/thumb/v7e-m+fp/hard/libc_nano.a(libc_a-memset.o)
 .debug_info    0x000140b7      0x796 /usr/lib/gcc/arm-none-eabi/13.2.1/../../../arm-none-eabi/lib/thumb/v7e-m+fp/hard/libc_nano.a(libc_a-malloc.o)
 .debug_info    0x0001484d      0x70b /usr/lib/gcc/arm-none-eabi/13.2.1/../../../arm-none-eabi/lib/thumb/v7e-m+fp/hard/libc_nano.a(libc_a-impure.o)
 .debug_info    0x00014f58      0xe8c /usr/lib/gcc/arm-none-eabi/13.2.1/../../../arm-none-eabi/lib/thumb/v7e-m+fp/hard/libc_nano.a(libc_a-findfp.o)
 .debug_info    0x00015de4      0x9b6 /usr/lib/gcc/arm-none-eabi/13.2.1/../../../arm-none-eabi/lib/thumb/v7e-m+fp/hard/libc_nano.a(libc_a-mallocr.o)
 .debug_info    0x0001679a      0x87f /usr/lib/gcc/arm-none-eabi/13.2.1/../../../arm-none-eabi/lib/thumb/v7e-m+fp/hard/libc_nano.a(libc_a-freer.o)
 .debug_info    0x00017019      0x71c /usr/lib/gcc/arm-none-eabi/13.2.1/../../../arm-none-eabi/lib/thumb/v7e-m+fp/hard/libc_nano.a(libc_a-mlock.o)
 .debug_info    0x00017735      0x778 /usr/lib/gcc/arm-none-eabi/13.2.1/../../../arm-none-eabi/lib/thumb/v7e-m+fp/hard/libc_nano.a(libc_a-sbrkr.o)
 .debug_info    0x00017ead      0x89f /usr/lib/gcc/arm-none-eabi/13.2.1/../../../arm-none-eabi/lib/thumb/v7e-m+fp/hard/libc_nano.a(libc_a-reent.o)
 .debug_info    0x0001874c       0xac /usr/lib/gcc/arm-none-eabi/13.2.1/../../../arm-none-eabi/lib/thumb/v7e-m+fp/hard/libnosys.a(sbrk.o)
 .debug_info    0x000187f8       0x24 /usr/lib/gcc/arm-none-eabi/13.2.1/thumb/v7e-m+fp/hard/libgcc.a(_aeabi_uldivmod.o)
 .debug_info    0x0001881c      0x6f5 /usr/lib/gcc/arm-none-eabi/13.2.1/thumb/v7e-m+fp/hard/libgcc.a(_udivmoddi4.o)
 .debug_info    0x00018f11       0x3c /usr/lib/gcc/arm-none-eabi/13.2.1/thumb/v7e-m+fp/hard/libgcc.a(_dvmd_tls.o)

.debug_abbrev   0x00000000     0x44bd
 .debug_abbrev  0x00000000      0x2bd build/main.o
 .debug_abbrev  0x000002bd      0x1af build/stm32f4xx_it.o
 .debug_abbrev  0x0000046c      0x243 build/stm32f4xx_hal_msp.o
 .debug_abbrev  0x000006af      0x3dd build/usbh_conf.o
 .debug_abbrev  0x00000a8c      0x12e build/usbh_platform.o
 .debug_abbrev  0x00000bba      0x293 build/usb_host.o
 .debug_abbrev  0x00000e4d      0x2de build/stm32f4xx_hal_rcc.o
 .debug_abbrev  0x0000112b      0x22b build/stm32f4xx_hal_gpio.o
 .debug_abbrev  0x00001356      0x3ca build/stm32f4xx_hal_cortex.o
 .debug_abbrev  0x00001720      0x244 build/stm32f4xx_hal.o
 .debug_abbrev  0x00001964      0x11b build/system_stm32f4xx.o
 .debug_abbrev  0x00001a7f      0x383 build/usbh_core.o
 .debug_abbrev  0x00001e02      0x353 build/usbh_ctlreq.o
 .debug_abbrev  0x00002155      0x23d build/usbh_ioreq.o
 .debug_abbrev  0x00002392      0x2a3 build/usbh_pipes.o
 .debug_abbrev  0x00002635      0x2d6 build/stm32f4xx_hal_hcd.o
 .debug_abbrev  0x0000290b      0x37f build/usbh_cdc.o
 .debug_abbrev  0x00002c8a      0x344 build/stm32f4xx_ll_usb.o
 .debug_abbrev  0x00002fce       0x1d build/startup_stm32f407xx.o
 .debug_abbrev  0x00002feb       0xc9 /usr/lib/gcc/arm-none-eabi/13.2.1/../../../arm-none-eabi/lib/thumb/v7e-m+fp/hard/libc_nano.a(libc_a-init.o)
 .debug_abbrev  0x000030b4       0xb7 /usr/lib/gcc/arm-none-eabi/13.2.1/../../../arm-none-eabi/lib/thumb/v7e-m+fp/hard/libc_nano.a(libc_a-memset.o)
 .debug_abbrev  0x0000316b      0x1cf /usr/lib/gcc/arm-none-eabi/13.2.1/../../../arm-none-eabi/lib/thumb/v7e-m+fp/hard/libc_nano.a(libc_a-malloc.o)
 .debug_abbrev  0x0000333a      0x149 /usr/lib/gcc/arm-none-eabi/13.2.1/../../../arm-none-eabi/lib/thumb/v7e-m+fp/hard/libc_nano.a(libc_a-impure.o)
 .debug_abbrev  0x00003483      0x408 /usr/lib/gcc/arm-none-eabi/13.2.1/../../../arm-none-eabi/lib/thumb/v7e-m+fp/hard/libc_nano.a(libc_a-findfp.o)
 .debug_abbrev  0x0000388b      0x24a /usr/lib/gcc/arm-none-eabi/13.2.1/../../../arm-none-eabi/lib/thumb/v7e-m+fp/hard/libc_nano.a(libc_a-mallocr.o)
 .debug_abbrev  0x00003ad5      0x249 /usr/lib/gcc/arm-none-eabi/13.2.1/../../../arm-none-eabi/lib/thumb/v7e-m+fp/hard/libc_nano.a(libc_a-freer.o)
 .debug_abbrev  0x00003d1e      0x192 /usr/lib/gcc/arm-none-eabi/13.2.1/../../../arm-none-eabi/lib/thumb/v7e-m+fp/hard/libc_nano.a(libc_a-mlock.o)
 .debug_abbrev  0x00003eb0      0x1da /usr/lib/gcc/arm-none-eabi/13.2.1/../../../arm-none-eabi/lib/thumb/v7e-m+fp/hard/libc_nano.a(libc_a-sbrkr.o)
 .debug_abbrev  0x0000408a      0x1ee /usr/lib/gcc/arm-none-eabi/13.2.1/../../../arm-none-eabi/lib/thumb/v7e-m+fp/hard/libc_nano.a(libc_a-reent.o)
 .debug_abbrev  0x00004278       0xa1 /usr/lib/gcc/arm-none-eabi/13.2.1/../../../arm-none-eabi/lib/thumb/v7e-m+fp/hard/libnosys.a(sbrk.o)
 .debug_abbrev  0x00004319       0x14 /usr/lib/gcc/arm-none-eabi/13.2.1/thumb/v7e-m+fp/hard/libgcc.a(_aeabi_uldivmod.o)
 .debug_abbrev  0x0000432d      0x16a /usr/lib/gcc/arm-none-eabi/13.2.1/thumb/v7e-m+fp/hard/libgcc.a(_udivmoddi4.o)
 .debug_abbrev  0x00004497       0x26 /usr/lib/gcc/arm-none-eabi/13.2.1/thumb/v7e-m+fp/hard/libgcc.a(_dvmd_tls.o)

.debug_loc      0x00000000     0x9d5d
 .debug_loc     0x00000000       0xff build/main.o
 .debug_loc     0x000000ff       0x60 build/stm32f4xx_it.o
 .debug_loc     0x0000015f      0x317 build/stm32f4xx_hal_msp.o
 .debug_loc     0x00000476      0xd33 build/usbh_conf.o
 .debug_loc     0x000011a9       0x6d build/usbh_platform.o
 .debug_loc     0x00001216       0x40 build/usb_host.o
 .debug_loc     0x00001256      0x720 build/stm32f4xx_hal_rcc.o
 .debug_loc     0x00001976      0x60b build/stm32f4xx_hal_gpio.o
 .debug_loc     0x00001f81      0x8ff build/stm32f4xx_hal_cortex.o
 .debug_loc     0x00002880      0x1f9 build/stm32f4xx_hal.o
 .debug_loc     0x00002a79      0x181 build/system_stm32f4xx.o
 .debug_loc     0x00002bfa      0xb48 build/usbh_core.o
 .debug_loc     0x00003742     0x15a4 build/usbh_ctlreq.o
 .debug_loc     0x00004ce6      0x8bb build/usbh_ioreq.o
 .debug_loc     0x000055a1      0x2f2 build/usbh_pipes.o
 .debug_loc     0x00005893     0x1065 build/stm32f4xx_hal_hcd.o
 .debug_loc     0x000068f8      0x99d build/usbh_cdc.o
 .debug_loc     0x00007295     0x2ac8 build/stm32f4xx_ll_usb.o

.debug_aranges  0x00000000      0xc58
 .debug_aranges
                0x00000000       0x50 build/main.o
 .debug_aranges
                0x00000050       0x70 build/stm32f4xx_it.o
 .debug_aranges
                0x000000c0       0x50 build/stm32f4xx_hal_msp.o
 .debug_aranges
                0x00000110       0xd8 build/usbh_conf.o
 .debug_aranges
                0x000001e8       0x20 build/usbh_platform.o
 .debug_aranges
                0x00000208       0x30 build/usb_host.o
 .debug_aranges
                0x00000238       0x88 build/stm32f4xx_hal_rcc.o
 .debug_aranges
                0x000002c0       0x58 build/stm32f4xx_hal_gpio.o
 .debug_aranges
                0x00000318       0xf8 build/stm32f4xx_hal_cortex.o
 .debug_aranges
                0x00000410       0xf0 build/stm32f4xx_hal.o
 .debug_aranges
                0x00000500       0x28 build/system_stm32f4xx.o
 .debug_aranges
                0x00000528       0xc0 build/usbh_core.o
 .debug_aranges
                0x000005e8       0xa0 build/usbh_ctlreq.o
 .debug_aranges
                0x00000688       0x60 build/usbh_ioreq.o
 .debug_aranges
                0x000006e8       0x40 build/usbh_pipes.o
 .debug_aranges
                0x00000728      0x108 build/stm32f4xx_hal_hcd.o
 .debug_aranges
                0x00000830       0xa8 build/usbh_cdc.o
 .debug_aranges
                0x000008d8      0x1a0 build/stm32f4xx_ll_usb.o
 .debug_aranges
                0x00000a78       0x28 build/startup_stm32f407xx.o
 .debug_aranges
                0x00000aa0       0x20 /usr/lib/gcc/arm-none-eabi/13.2.1/../../../arm-none-eabi/lib/thumb/v7e-m+fp/hard/libc_nano.a(libc_a-init.o)
 .debug_aranges
                0x00000ac0       0x20 /usr/lib/gcc/arm-none-eabi/13.2.1/../../../arm-none-eabi/lib/thumb/v7e-m+fp/hard/libc_nano.a(libc_a-memset.o)
 .debug_aranges
                0x00000ae0       0x20 /usr/lib/gcc/arm-none-eabi/13.2.1/../../../arm-none-eabi/lib/thumb/v7e-m+fp/hard/libc_nano.a(libc_a-malloc.o)
 .debug_aranges
                0x00000b00       0x18 /usr/lib/gcc/arm-none-eabi/13.2.1/../../../arm-none-eabi/lib/thumb/v7e-m+fp/hard/libc_nano.a(libc_a-impure.o)
 .debug_aranges
                0x00000b18       0x20 /usr/lib/gcc/arm-none-eabi/13.2.1/../../../arm-none-eabi/lib/thumb/v7e-m+fp/hard/libc_nano.a(libc_a-findfp.o)
 .debug_aranges
                0x00000b38       0x20 /usr/lib/gcc/arm-none-eabi/13.2.1/../../../arm-none-eabi/lib/thumb/v7e-m+fp/hard/libc_nano.a(libc_a-mallocr.o)
 .debug_aranges
                0x00000b58       0x20 /usr/lib/gcc/arm-none-eabi/13.2.1/../../../arm-none-eabi/lib/thumb/v7e-m+fp/hard/libc_nano.a(libc_a-freer.o)
 .debug_aranges
                0x00000b78       0x20 /usr/lib/gcc/arm-none-eabi/13.2.1/../../../arm-none-eabi/lib/thumb/v7e-m+fp/hard/libc_nano.a(libc_a-mlock.o)
 .debug_aranges
                0x00000b98       0x20 /usr/lib/gcc/arm-none-eabi/13.2.1/../../../arm-none-eabi/lib/thumb/v7e-m+fp/hard/libc_nano.a(libc_a-sbrkr.o)
 .debug_aranges
                0x00000bb8       0x20 /usr/lib/gcc/arm-none-eabi/13.2.1/../../../arm-none-eabi/lib/thumb/v7e-m+fp/hard/libc_nano.a(libc_a-reent.o)
 .debug_aranges
                0x00000bd8       0x20 /usr/lib/gcc/arm-none-eabi/13.2.1/../../../arm-none-eabi/lib/thumb/v7e-m+fp/hard/libnosys.a(sbrk.o)
 .debug_aranges
                0x00000bf8       0x20 /usr/lib/gcc/arm-none-eabi/13.2.1/thumb/v7e-m+fp/hard/libgcc.a(_aeabi_uldivmod.o)
 .debug_aranges
                0x00000c18       0x20 /usr/lib/gcc/arm-none-eabi/13.2.1/thumb/v7e-m+fp/hard/libgcc.a(_udivmoddi4.o)
 .debug_aranges
                0x00000c38       0x20 /usr/lib/gcc/arm-none-eabi/13.2.1/thumb/v7e-m+fp/hard/libgcc.a(_dvmd_tls.o)

.debug_ranges   0x00000000      0x990
 .debug_ranges  0x00000000       0x40 build/main.o
 .debug_ranges  0x00000040       0x60 build/stm32f4xx_it.o
 .debug_ranges  0x000000a0       0x40 build/stm32f4xx_hal_msp.o
 .debug_ranges  0x000000e0       0xc8 build/usbh_conf.o
 .debug_ranges  0x000001a8       0x10 build/usbh_platform.o
 .debug_ranges  0x000001b8       0x20 build/usb_host.o
 .debug_ranges  0x000001d8       0x90 build/stm32f4xx_hal_rcc.o
 .debug_ranges  0x00000268       0x48 build/stm32f4xx_hal_gpio.o
 .debug_ranges  0x000002b0       0xe8 build/stm32f4xx_hal_cortex.o
 .debug_ranges  0x00000398       0xe0 build/stm32f4xx_hal.o
 .debug_ranges  0x00000478       0x18 build/system_stm32f4xx.o
 .debug_ranges  0x00000490       0xb0 build/usbh_core.o
 .debug_ranges  0x00000540       0x90 build/usbh_ctlreq.o
 .debug_ranges  0x000005d0       0x50 build/usbh_ioreq.o
 .debug_ranges  0x00000620       0x30 build/usbh_pipes.o
 .debug_ranges  0x00000650       0xf8 build/stm32f4xx_hal_hcd.o
 .debug_ranges  0x00000748       0x98 build/usbh_cdc.o
 .debug_ranges  0x000007e0      0x190 build/stm32f4xx_ll_usb.o
 .debug_ranges  0x00000970       0x20 build/startup_stm32f407xx.o

.debug_line     0x00000000     0xad42
 .debug_line    0x00000000      0x5dd build/main.o
 .debug_line    0x000005dd      0x23c build/stm32f4xx_it.o
 .debug_line    0x00000819      0x3ea build/stm32f4xx_hal_msp.o
 .debug_line    0x00000c03      0x66c build/usbh_conf.o
 .debug_line    0x0000126f      0x112 build/usbh_platform.o
 .debug_line    0x00001381      0x1b7 build/usb_host.o
 .debug_line    0x00001538      0xb39 build/stm32f4xx_hal_rcc.o
 .debug_line    0x00002071      0x670 build/stm32f4xx_hal_gpio.o
 .debug_line    0x000026e1      0x7a5 build/stm32f4xx_hal_cortex.o
 .debug_line    0x00002e86      0x4e2 build/stm32f4xx_hal.o
 .debug_line    0x00003368      0x1c9 build/system_stm32f4xx.o
 .debug_line    0x00003531      0xd84 build/usbh_core.o
 .debug_line    0x000042b5      0xc9b build/usbh_ctlreq.o
 .debug_line    0x00004f50      0x254 build/usbh_ioreq.o
 .debug_line    0x000051a4      0x1de build/usbh_pipes.o
 .debug_line    0x00005382     0x13f2 build/stm32f4xx_hal_hcd.o
 .debug_line    0x00006774      0x97a build/usbh_cdc.o
 .debug_line    0x000070ee     0x1ed3 build/stm32f4xx_ll_usb.o
 .debug_line    0x00008fc1       0x73 build/startup_stm32f407xx.o
 .debug_line    0x00009034      0x11e /usr/lib/gcc/arm-none-eabi/13.2.1/../../../arm-none-eabi/lib/thumb/v7e-m+fp/hard/libc_nano.a(libc_a-init.o)
 .debug_line    0x00009152      0x1b6 /usr/lib/gcc/arm-none-eabi/13.2.1/../../../arm-none-eabi/lib/thumb/v7e-m+fp/hard/libc_nano.a(libc_a-memset.o)
 .debug_line    0x00009308      0x16b /usr/lib/gcc/arm-none-eabi/13.2.1/../../../arm-none-eabi/lib/thumb/v7e-m+fp/hard/libc_nano.a(libc_a-malloc.o)
 .debug_line    0x00009473       0xe7 /usr/lib/gcc/arm-none-eabi/13.2.1/../../../arm-none-eabi/lib/thumb/v7e-m+fp/hard/libc_nano.a(libc_a-impure.o)
 .debug_line    0x0000955a      0x4fc /usr/lib/gcc/arm-none-eabi/13.2.1/../../../arm-none-eabi/lib/thumb/v7e-m+fp/hard/libc_nano.a(libc_a-findfp.o)
 .debug_line    0x00009a56      0x446 /usr/lib/gcc/arm-none-eabi/13.2.1/../../../arm-none-eabi/lib/thumb/v7e-m+fp/hard/libc_nano.a(libc_a-mallocr.o)
 .debug_line    0x00009e9c      0x2c3 /usr/lib/gcc/arm-none-eabi/13.2.1/../../../arm-none-eabi/lib/thumb/v7e-m+fp/hard/libc_nano.a(libc_a-freer.o)
 .debug_line    0x0000a15f      0x153 /usr/lib/gcc/arm-none-eabi/13.2.1/../../../arm-none-eabi/lib/thumb/v7e-m+fp/hard/libc_nano.a(libc_a-mlock.o)
 .debug_line    0x0000a2b2      0x193 /usr/lib/gcc/arm-none-eabi/13.2.1/../../../arm-none-eabi/lib/thumb/v7e-m+fp/hard/libc_nano.a(libc_a-sbrkr.o)
 .debug_line    0x0000a445      0x27b /usr/lib/gcc/arm-none-eabi/13.2.1/../../../arm-none-eabi/lib/thumb/v7e-m+fp/hard/libc_nano.a(libc_a-reent.o)
 .debug_line    0x0000a6c0       0x76 /usr/lib/gcc/arm-none-eabi/13.2.1/../../../arm-none-eabi/lib/thumb/v7e-m+fp/hard/libnosys.a(sbrk.o)
 .debug_line    0x0000a736       0x4e /usr/lib/gcc/arm-none-eabi/13.2.1/thumb/v7e-m+fp/hard/libgcc.a(_aeabi_uldivmod.o)
 .debug_line    0x0000a784      0x574 /usr/lib/gcc/arm-none-eabi/13.2.1/thumb/v7e-m+fp/hard/libgcc.a(_udivmoddi4.o)
 .debug_line    0x0000acf8       0x4a /usr/lib/gcc/arm-none-eabi/13.2.1/thumb/v7e-m+fp/hard/libgcc.a(_dvmd_tls.o)

.debug_str      0x00000000     0x5457
 .debug_str     0x00000000     0x5457 build/main.o
                               0x1292 (size before relaxing)
 .debug_str     0x00005457      0x6db build/stm32f4xx_it.o
 .debug_str     0x00005457      0xc73 build/stm32f4xx_hal_msp.o
 .debug_str     0x00005457     0x1985 build/usbh_conf.o
 .debug_str     0x00005457      0x212 build/usbh_platform.o
 .debug_str     0x00005457      0xa74 build/usb_host.o
 .debug_str     0x00005457      0x6af build/stm32f4xx_hal_rcc.o
 .debug_str     0x00005457      0x494 build/stm32f4xx_hal_gpio.o
 .debug_str     0x00005457      0xc2a build/stm32f4xx_hal_cortex.o
 .debug_str     0x00005457      0xb2d build/stm32f4xx_hal.o
 .debug_str     0x00005457      0x334 build/system_stm32f4xx.o
 .debug_str     0x00005457      0xccf build/usbh_core.o
 .debug_str     0x00005457      0xca2 build/usbh_ctlreq.o
 .debug_str     0x00005457      0xaa7 build/usbh_ioreq.o
 .debug_str     0x00005457      0xa3d build/usbh_pipes.o
 .debug_str     0x00005457      0xc11 build/stm32f4xx_hal_hcd.o
 .debug_str     0x00005457     0x1121 build/usbh_cdc.o
 .debug_str     0x00005457      0xce2 build/stm32f4xx_ll_usb.o
 .debug_str     0x00005457       0x54 build/startup_stm32f407xx.o
 .debug_str     0x00005457      0x1fa /usr/lib/gcc/arm-none-eabi/13.2.1/../../../arm-none-eabi/lib/thumb/v7e-m+fp/hard/libc_nano.a(libc_a-init.o)
 .debug_str     0x00005457      0x1ad /usr/lib/gcc/arm-none-eabi/13.2.1/../../../arm-none-eabi/lib/thumb/v7e-m+fp/hard/libc_nano.a(libc_a-memset.o)
 .debug_str     0x00005457      0x4e1 /usr/lib/gcc/arm-none-eabi/13.2.1/../../../arm-none-eabi/lib/thumb/v7e-m+fp/hard/libc_nano.a(libc_a-malloc.o)
 .debug_str     0x00005457      0x4bc /usr/lib/gcc/arm-none-eabi/13.2.1/../../../arm-none-eabi/lib/thumb/v7e-m+fp/hard/libc_nano.a(libc_a-impure.o)
 .debug_str     0x00005457      0x6bf /usr/lib/gcc/arm-none-eabi/13.2.1/../../../arm-none-eabi/lib/thumb/v7e-m+fp/hard/libc_nano.a(libc_a-findfp.o)
 .debug_str     0x00005457      0x59d /usr/lib/gcc/arm-none-eabi/13.2.1/../../../arm-none-eabi/lib/thumb/v7e-m+fp/hard/libc_nano.a(libc_a-mallocr.o)
 .debug_str     0x00005457      0x53c /usr/lib/gcc/arm-none-eabi/13.2.1/../../../arm-none-eabi/lib/thumb/v7e-m+fp/hard/libc_nano.a(libc_a-freer.o)
 .debug_str     0x00005457      0x4da /usr/lib/gcc/arm-none-eabi/13.2.1/../../../arm-none-eabi/lib/thumb/v7e-m+fp/hard/libc_nano.a(libc_a-mlock.o)
 .debug_str     0x00005457      0x4c5 /usr/lib/gcc/arm-none-eabi/13.2.1/../../../arm-none-eabi/lib/thumb/v7e-m+fp/hard/libc_nano.a(libc_a-sbrkr.o)
 .debug_str     0x00005457      0x4db /usr/lib/gcc/arm-none-eabi/13.2.1/../../../arm-none-eabi/lib/thumb/v7e-m+fp/hard/libc_nano.a(libc_a-reent.o)
 .debug_str     0x00005457      0x11d /usr/lib/gcc/arm-none-eabi/13.2.1/../../../arm-none-eabi/lib/thumb/v7e-m+fp/hard/libnosys.a(sbrk.o)
 .debug_str     0x00005457       0xa3 /usr/lib/gcc/arm-none-eabi/13.2.1/thumb/v7e-m+fp/hard/libgcc.a(_aeabi_uldivmod.o)
 .debug_str     0x00005457      0x685 /usr/lib/gcc/arm-none-eabi/13.2.1/thumb/v7e-m+fp/hard/libgcc.a(_udivmoddi4.o)
 .debug_str     0x00005457       0xc3 /usr/lib/gcc/arm-none-eabi/13.2.1/thumb/v7e-m+fp/hard/libgcc.a(_dvmd_tls.o)

.debug_frame    0x00000000     0x1da0
 .debug_frame   0x00000000       0xcc build/main.o
 .debug_frame   0x000000cc       0xd8 build/stm32f4xx_it.o
 .debug_frame   0x000001a4       0xdc build/stm32f4xx_hal_msp.o
 .debug_frame   0x00000280      0x24c build/usbh_conf.o
 .debug_frame   0x000004cc       0x28 build/usbh_platform.o
 .debug_frame   0x000004f4       0x50 build/usb_host.o
 .debug_frame   0x00000544      0x16c build/stm32f4xx_hal_rcc.o
 .debug_frame   0x000006b0       0xd8 build/stm32f4xx_hal_gpio.o
 .debug_frame   0x00000788      0x214 build/stm32f4xx_hal_cortex.o
 .debug_frame   0x0000099c      0x1ec build/stm32f4xx_hal.o
 .debug_frame   0x00000b88       0x30 build/system_stm32f4xx.o
 .debug_frame   0x00000bb8      0x1f4 build/usbh_core.o
 .debug_frame   0x00000dac      0x1e0 build/usbh_ctlreq.o
 .debug_frame   0x00000f8c      0x130 build/usbh_ioreq.o
 .debug_frame   0x000010bc       0x84 build/usbh_pipes.o
 .debug_frame   0x00001140      0x2dc build/stm32f4xx_hal_hcd.o
 .debug_frame   0x0000141c      0x1b0 build/usbh_cdc.o
 .debug_frame   0x000015cc      0x494 build/stm32f4xx_ll_usb.o
 .debug_frame   0x00001a60       0x2c /usr/lib/gcc/arm-none-eabi/13.2.1/../../../arm-none-eabi/lib/thumb/v7e-m+fp/hard/libc_nano.a(libc_a-init.o)
 .debug_frame   0x00001a8c       0x2c /usr/lib/gcc/arm-none-eabi/13.2.1/../../../arm-none-eabi/lib/thumb/v7e-m+fp/hard/libc_nano.a(libc_a-memset.o)
 .debug_frame   0x00001ab8       0x30 /usr/lib/gcc/arm-none-eabi/13.2.1/../../../arm-none-eabi/lib/thumb/v7e-m+fp/hard/libc_nano.a(libc_a-malloc.o)
 .debug_frame   0x00001ae8       0xf4 /usr/lib/gcc/arm-none-eabi/13.2.1/../../../arm-none-eabi/lib/thumb/v7e-m+fp/hard/libc_nano.a(libc_a-findfp.o)
 .debug_frame   0x00001bdc       0x50 /usr/lib/gcc/arm-none-eabi/13.2.1/../../../arm-none-eabi/lib/thumb/v7e-m+fp/hard/libc_nano.a(libc_a-mallocr.o)
 .debug_frame   0x00001c2c       0x58 /usr/lib/gcc/arm-none-eabi/13.2.1/../../../arm-none-eabi/lib/thumb/v7e-m+fp/hard/libc_nano.a(libc_a-freer.o)
 .debug_frame   0x00001c84       0x30 /usr/lib/gcc/arm-none-eabi/13.2.1/../../../arm-none-eabi/lib/thumb/v7e-m+fp/hard/libc_nano.a(libc_a-mlock.o)
 .debug_frame   0x00001cb4       0x2c /usr/lib/gcc/arm-none-eabi/13.2.1/../../../arm-none-eabi/lib/thumb/v7e-m+fp/hard/libc_nano.a(libc_a-sbrkr.o)
 .debug_frame   0x00001ce0       0x40 /usr/lib/gcc/arm-none-eabi/13.2.1/../../../arm-none-eabi/lib/thumb/v7e-m+fp/hard/libc_nano.a(libc_a-reent.o)
 .debug_frame   0x00001d20       0x20 /usr/lib/gcc/arm-none-eabi/13.2.1/../../../arm-none-eabi/lib/thumb/v7e-m+fp/hard/libnosys.a(sbrk.o)
 .debug_frame   0x00001d40       0x2c /usr/lib/gcc/arm-none-eabi/13.2.1/thumb/v7e-m+fp/hard/libgcc.a(_aeabi_uldivmod.o)
 .debug_frame   0x00001d6c       0x34 /usr/lib/gcc/arm-none-eabi/13.2.1/thumb/v7e-m+fp/hard/libgcc.a(_udivmoddi4.o)

.debug_loclists
                0x00000000     0x12e7
 .debug_loclists
                0x00000000       0x65 /usr/lib/gcc/arm-none-eabi/13.2.1/../../../arm-none-eabi/lib/thumb/v7e-m+fp/hard/libc_nano.a(libc_a-init.o)
 .debug_loclists
                0x00000065      0x1c2 /usr/lib/gcc/arm-none-eabi/13.2.1/../../../arm-none-eabi/lib/thumb/v7e-m+fp/hard/libc_nano.a(libc_a-memset.o)
 .debug_loclists
                0x00000227       0x4a /usr/lib/gcc/arm-none-eabi/13.2.1/../../../arm-none-eabi/lib/thumb/v7e-m+fp/hard/libc_nano.a(libc_a-malloc.o)
 .debug_loclists
                0x00000271      0x1d0 /usr/lib/gcc/arm-none-eabi/13.2.1/../../../arm-none-eabi/lib/thumb/v7e-m+fp/hard/libc_nano.a(libc_a-findfp.o)
 .debug_loclists
                0x00000441      0x263 /usr/lib/gcc/arm-none-eabi/13.2.1/../../../arm-none-eabi/lib/thumb/v7e-m+fp/hard/libc_nano.a(libc_a-mallocr.o)
 .debug_loclists
                0x000006a4      0x164 /usr/lib/gcc/arm-none-eabi/13.2.1/../../../arm-none-eabi/lib/thumb/v7e-m+fp/hard/libc_nano.a(libc_a-freer.o)
 .debug_loclists
                0x00000808       0x4b /usr/lib/gcc/arm-none-eabi/13.2.1/../../../arm-none-eabi/lib/thumb/v7e-m+fp/hard/libc_nano.a(libc_a-sbrkr.o)
 .debug_loclists
                0x00000853       0x80 /usr/lib/gcc/arm-none-eabi/13.2.1/../../../arm-none-eabi/lib/thumb/v7e-m+fp/hard/libc_nano.a(libc_a-reent.o)
 .debug_loclists
                0x000008d3       0x30 /usr/lib/gcc/arm-none-eabi/13.2.1/../../../arm-none-eabi/lib/thumb/v7e-m+fp/hard/libnosys.a(sbrk.o)
 .debug_loclists
                0x00000903      0x9e4 /usr/lib/gcc/arm-none-eabi/13.2.1/thumb/v7e-m+fp/hard/libgcc.a(_udivmoddi4.o)

.debug_rnglists
                0x00000000      0x12c
 .debug_rnglists
                0x00000000       0x77 /usr/lib/gcc/arm-none-eabi/13.2.1/../../../arm-none-eabi/lib/thumb/v7e-m+fp/hard/libc_nano.a(libc_a-findfp.o)
 .debug_rnglists
                0x00000077       0x1e /usr/lib/gcc/arm-none-eabi/13.2.1/../../../arm-none-eabi/lib/thumb/v7e-m+fp/hard/libc_nano.a(libc_a-mallocr.o)
 .debug_rnglists
                0x00000095       0x13 /usr/lib/gcc/arm-none-eabi/13.2.1/../../../arm-none-eabi/lib/thumb/v7e-m+fp/hard/libc_nano.a(libc_a-freer.o)
 .debug_rnglists
                0x000000a8       0x84 /usr/lib/gcc/arm-none-eabi/13.2.1/thumb/v7e-m+fp/hard/libgcc.a(_udivmoddi4.o)

.debug_line_str
                0x00000000       0xa3
 .debug_line_str
                0x00000000       0xa3 /usr/lib/gcc/arm-none-eabi/13.2.1/thumb/v7e-m+fp/hard/libgcc.a(_aeabi_uldivmod.o)
                                 0x97 (size before relaxing)
 .debug_line_str
                0x000000a3       0x9b /usr/lib/gcc/arm-none-eabi/13.2.1/thumb/v7e-m+fp/hard/libgcc.a(_dvmd_tls.o)

Cross Reference Table

Symbol                                            File
ADC_IRQHandler                                    build/startup_stm32f407xx.o
AHBPrescTable                                     build/system_stm32f4xx.o
                                                  build/stm32f4xx_hal_rcc.o
APBPrescTable                                     build/system_stm32f4xx.o
                                                  build/stm32f4xx_hal_rcc.o
Appli_state                                       build/usb_host.o
BusFault_Handler                                  build/stm32f4xx_it.o
CAN1_RX0_IRQHandler                               build/startup_stm32f407xx.o
CAN1_RX1_IRQHandler                               build/startup_stm32f407xx.o
CAN1_SCE_IRQHandler                               build/startup_stm32f407xx.o
CAN1_TX_IRQHandler                                build/startup_stm32f407xx.o
CAN2_RX0_IRQHandler                               build/startup_stm32f407xx.o
CAN2_RX1_IRQHandler                               build/startup_stm32f407xx.o
CAN2_SCE_IRQHandler                               build/startup_stm32f407xx.o
CAN2_TX_IRQHandler                                build/startup_stm32f407xx.o
CDC_Class                                         build/usbh_cdc.o
                                                  build/usb_host.o
DCMI_IRQHandler                                   build/startup_stm32f407xx.o
DMA1_Stream0_IRQHandler                           build/startup_stm32f407xx.o
DMA1_Stream1_IRQHandler                           build/startup_stm32f407xx.o
DMA1_Stream2_IRQHandler                           build/startup_stm32f407xx.o
DMA1_Stream3_IRQHandler                           build/startup_stm32f407xx.o
DMA1_Stream4_IRQHandler                           build/startup_stm32f407xx.o
DMA1_Stream5_IRQHandler                           build/startup_stm32f407xx.o
DMA1_Stream6_IRQHandler                           build/startup_stm32f407xx.o
DMA1_Stream7_IRQHandler                           build/startup_stm32f407xx.o
DMA2_Stream0_IRQHandler                           build/startup_stm32f407xx.o
DMA2_Stream1_IRQHandler                           build/startup_stm32f407xx.o
DMA2_Stream2_IRQHandler                           build/startup_stm32f407xx.o
DMA2_Stream3_IRQHandler                           build/startup_stm32f407xx.o
DMA2_Stream4_IRQHandler                           build/startup_stm32f407xx.o
DMA2_Stream5_IRQHandler                           build/startup_stm32f407xx.o
DMA2_Stream6_IRQHandler                           build/startup_stm32f407xx.o
DMA2_Stream7_IRQHandler                           build/startup_stm32f407xx.o
DebugMon_Handler                                  build/stm32f4xx_it.o
Default_Handler                                   build/startup_stm32f407xx.o
ETH_IRQHandler                                    build/startup_stm32f407xx.o
ETH_WKUP_IRQHandler                               build/startup_stm32f407xx.o
EXTI0_IRQHandler                                  build/stm32f4xx_it.o
EXTI15_10_IRQHandler                              build/startup_stm32f407xx.o
EXTI1_IRQHandler                                  build/startup_stm32f407xx.o
EXTI2_IRQHandler                                  build/startup_stm32f407xx.o
EXTI3_IRQHandler                                  build/startup_stm32f407xx.o
EXTI4_IRQHandler                                  build/startup_stm32f407xx.o
EXTI9_5_IRQHandler                                build/startup_stm32f407xx.o
Error_Handler                                     build/main.o
                                                  build/usb_host.o
                                                  build/usbh_conf.o
                                                  build/stm32f4xx_hal_msp.o
FLASH_Erase_Sector                                build/stm32f4xx_hal_flash_ex.o
                                                  build/stm32f4xx_hal_flash.o
FLASH_FlushCaches                                 build/stm32f4xx_hal_flash_ex.o
                                                  build/stm32f4xx_hal_flash.o
FLASH_IRQHandler                                  build/startup_stm32f407xx.o
FLASH_WaitForLastOperation                        build/stm32f4xx_hal_flash.o
                                                  build/stm32f4xx_hal_flash_ex.o
FPU_IRQHandler                                    build/startup_stm32f407xx.o
FSMC_IRQHandler                                   build/startup_stm32f407xx.o
HAL_CORTEX_ClearEvent                             build/stm32f4xx_hal_cortex.o
HAL_DBGMCU_DisableDBGSleepMode                    build/stm32f4xx_hal.o
HAL_DBGMCU_DisableDBGStandbyMode                  build/stm32f4xx_hal.o
HAL_DBGMCU_DisableDBGStopMode                     build/stm32f4xx_hal.o
HAL_DBGMCU_EnableDBGSleepMode                     build/stm32f4xx_hal.o
HAL_DBGMCU_EnableDBGStandbyMode                   build/stm32f4xx_hal.o
HAL_DBGMCU_EnableDBGStopMode                      build/stm32f4xx_hal.o
HAL_DMAEx_ChangeMemory                            build/stm32f4xx_hal_dma_ex.o
HAL_DMAEx_MultiBufferStart                        build/stm32f4xx_hal_dma_ex.o
HAL_DMAEx_MultiBufferStart_IT                     build/stm32f4xx_hal_dma_ex.o
HAL_DMA_Abort                                     build/stm32f4xx_hal_dma.o
HAL_DMA_Abort_IT                                  build/stm32f4xx_hal_dma.o
HAL_DMA_DeInit                                    build/stm32f4xx_hal_dma.o
HAL_DMA_GetError                                  build/stm32f4xx_hal_dma.o
HAL_DMA_GetState                                  build/stm32f4xx_hal_dma.o
HAL_DMA_IRQHandler                                build/stm32f4xx_hal_dma.o
HAL_DMA_Init                                      build/stm32f4xx_hal_dma.o
HAL_DMA_PollForTransfer                           build/stm32f4xx_hal_dma.o
HAL_DMA_RegisterCallback                          build/stm32f4xx_hal_dma.o
HAL_DMA_Start                                     build/stm32f4xx_hal_dma.o
HAL_DMA_Start_IT                                  build/stm32f4xx_hal_dma.o
HAL_DMA_UnRegisterCallback                        build/stm32f4xx_hal_dma.o
HAL_DeInit                                        build/stm32f4xx_hal.o
HAL_Delay                                         build/stm32f4xx_hal.o
                                                  build/stm32f4xx_ll_usb.o
                                                  build/usbh_conf.o
HAL_DisableCompensationCell                       build/stm32f4xx_hal.o
HAL_EXTI_ClearConfigLine                          build/stm32f4xx_hal_exti.o
HAL_EXTI_ClearPending                             build/stm32f4xx_hal_exti.o
HAL_EXTI_GenerateSWI                              build/stm32f4xx_hal_exti.o
HAL_EXTI_GetConfigLine                            build/stm32f4xx_hal_exti.o
HAL_EXTI_GetHandle                                build/stm32f4xx_hal_exti.o
HAL_EXTI_GetPending                               build/stm32f4xx_hal_exti.o
HAL_EXTI_IRQHandler                               build/stm32f4xx_hal_exti.o
HAL_EXTI_RegisterCallback                         build/stm32f4xx_hal_exti.o
HAL_EXTI_SetConfigLine                            build/stm32f4xx_hal_exti.o
HAL_EnableCompensationCell                        build/stm32f4xx_hal.o
HAL_FLASHEx_Erase                                 build/stm32f4xx_hal_flash_ex.o
HAL_FLASHEx_Erase_IT                              build/stm32f4xx_hal_flash_ex.o
HAL_FLASHEx_OBGetConfig                           build/stm32f4xx_hal_flash_ex.o
HAL_FLASHEx_OBProgram                             build/stm32f4xx_hal_flash_ex.o
HAL_FLASH_EndOfOperationCallback                  build/stm32f4xx_hal_flash.o
HAL_FLASH_GetError                                build/stm32f4xx_hal_flash.o
HAL_FLASH_IRQHandler                              build/stm32f4xx_hal_flash.o
HAL_FLASH_Lock                                    build/stm32f4xx_hal_flash.o
HAL_FLASH_OB_Launch                               build/stm32f4xx_hal_flash.o
HAL_FLASH_OB_Lock                                 build/stm32f4xx_hal_flash.o
HAL_FLASH_OB_Unlock                               build/stm32f4xx_hal_flash.o
HAL_FLASH_OperationErrorCallback                  build/stm32f4xx_hal_flash.o
HAL_FLASH_Program                                 build/stm32f4xx_hal_flash.o
HAL_FLASH_Program_IT                              build/stm32f4xx_hal_flash.o
HAL_FLASH_Unlock                                  build/stm32f4xx_hal_flash.o
HAL_GPIO_DeInit                                   build/stm32f4xx_hal_gpio.o
                                                  build/usbh_conf.o
                                                  build/stm32f4xx_hal_msp.o
HAL_GPIO_EXTI_Callback                            build/stm32f4xx_hal_gpio.o
HAL_GPIO_EXTI_IRQHandler                          build/stm32f4xx_hal_gpio.o
                                                  build/stm32f4xx_it.o
HAL_GPIO_Init                                     build/stm32f4xx_hal_gpio.o
                                                  build/stm32f4xx_hal_rcc.o
                                                  build/usbh_conf.o
                                                  build/stm32f4xx_hal_msp.o
                                                  build/main.o
HAL_GPIO_LockPin                                  build/stm32f4xx_hal_gpio.o
HAL_GPIO_ReadPin                                  build/stm32f4xx_hal_gpio.o
HAL_GPIO_TogglePin                                build/stm32f4xx_hal_gpio.o
HAL_GPIO_WritePin                                 build/stm32f4xx_hal_gpio.o
                                                  build/usbh_platform.o
                                                  build/main.o
HAL_GetDEVID                                      build/stm32f4xx_hal.o
HAL_GetHalVersion                                 build/stm32f4xx_hal.o
HAL_GetREVID                                      build/stm32f4xx_hal.o
HAL_GetTick                                       build/stm32f4xx_hal.o
                                                  build/stm32f4xx_hal_dma.o
                                                  build/stm32f4xx_hal_pwr_ex.o
                                                  build/stm32f4xx_hal_flash.o
                                                  build/stm32f4xx_hal_rcc_ex.o
                                                  build/stm32f4xx_hal_rcc.o
HAL_GetTickFreq                                   build/stm32f4xx_hal.o
HAL_GetTickPrio                                   build/stm32f4xx_hal.o
HAL_GetUIDw0                                      build/stm32f4xx_hal.o
HAL_GetUIDw1                                      build/stm32f4xx_hal.o
HAL_GetUIDw2                                      build/stm32f4xx_hal.o
HAL_HCD_Connect_Callback                          build/usbh_conf.o
HAL_HCD_DeInit                                    build/stm32f4xx_hal_hcd.o
                                                  build/usbh_conf.o
HAL_HCD_Disconnect_Callback                       build/usbh_conf.o
HAL_HCD_GetCurrentFrame                           build/stm32f4xx_hal_hcd.o
                                                  build/usbh_conf.o
HAL_HCD_GetCurrentSpeed                           build/stm32f4xx_hal_hcd.o
                                                  build/usbh_conf.o
HAL_HCD_GetState                                  build/stm32f4xx_hal_hcd.o
HAL_HCD_HC_ClearHubInfo                           build/stm32f4xx_hal_hcd.o
HAL_HCD_HC_GetState                               build/stm32f4xx_hal_hcd.o
HAL_HCD_HC_GetURBState                            build/stm32f4xx_hal_hcd.o
                                                  build/usbh_conf.o
HAL_HCD_HC_GetXferCount                           build/stm32f4xx_hal_hcd.o
                                                  build/usbh_conf.o
HAL_HCD_HC_Halt                                   build/stm32f4xx_hal_hcd.o
                                                  build/usbh_conf.o
HAL_HCD_HC_Init                                   build/stm32f4xx_hal_hcd.o
                                                  build/usbh_conf.o
HAL_HCD_HC_NotifyURBChange_Callback               build/usbh_conf.o
HAL_HCD_HC_SetHubInfo                             build/stm32f4xx_hal_hcd.o
HAL_HCD_HC_SubmitRequest                          build/stm32f4xx_hal_hcd.o
                                                  build/usbh_conf.o
HAL_HCD_IRQHandler                                build/stm32f4xx_hal_hcd.o
                                                  build/stm32f4xx_it.o
HAL_HCD_Init                                      build/stm32f4xx_hal_hcd.o
                                                  build/usbh_conf.o
HAL_HCD_MspDeInit                                 build/usbh_conf.o
HAL_HCD_MspInit                                   build/usbh_conf.o
HAL_HCD_PortDisabled_Callback                     build/usbh_conf.o
HAL_HCD_PortEnabled_Callback                      build/usbh_conf.o
HAL_HCD_ResetPort                                 build/stm32f4xx_hal_hcd.o
                                                  build/usbh_conf.o
HAL_HCD_SOF_Callback                              build/usbh_conf.o
HAL_HCD_Start                                     build/stm32f4xx_hal_hcd.o
                                                  build/usbh_conf.o
HAL_HCD_Stop                                      build/stm32f4xx_hal_hcd.o
                                                  build/usbh_conf.o
HAL_HCD_WKUP_IRQHandler                           build/stm32f4xx_hal_hcd.o
HAL_I2C_Init                                      build/main.o
HAL_I2C_MspDeInit                                 build/stm32f4xx_hal_msp.o
HAL_I2C_MspInit                                   build/stm32f4xx_hal_msp.o
HAL_I2S_Init                                      build/main.o
HAL_I2S_MspDeInit                                 build/stm32f4xx_hal_msp.o
HAL_I2S_MspInit                                   build/stm32f4xx_hal_msp.o
HAL_IncTick                                       build/stm32f4xx_hal.o
                                                  build/stm32f4xx_it.o
HAL_Init                                          build/stm32f4xx_hal.o
                                                  build/main.o
HAL_InitTick                                      build/stm32f4xx_hal.o
                                                  build/stm32f4xx_hal_rcc_ex.o
                                                  build/stm32f4xx_hal_rcc.o
HAL_MPU_ConfigRegion                              build/stm32f4xx_hal_cortex.o
HAL_MPU_Disable                                   build/stm32f4xx_hal_cortex.o
HAL_MPU_DisableRegion                             build/stm32f4xx_hal_cortex.o
HAL_MPU_Enable                                    build/stm32f4xx_hal_cortex.o
HAL_MPU_EnableRegion                              build/stm32f4xx_hal_cortex.o
HAL_MspDeInit                                     build/stm32f4xx_hal.o
HAL_MspInit                                       build/stm32f4xx_hal_msp.o
HAL_NVIC_ClearPendingIRQ                          build/stm32f4xx_hal_cortex.o
HAL_NVIC_DisableIRQ                               build/stm32f4xx_hal_cortex.o
                                                  build/usbh_conf.o
HAL_NVIC_EnableIRQ                                build/stm32f4xx_hal_cortex.o
                                                  build/usbh_conf.o
                                                  build/main.o
HAL_NVIC_GetActive                                build/stm32f4xx_hal_cortex.o
HAL_NVIC_GetPendingIRQ                            build/stm32f4xx_hal_cortex.o
HAL_NVIC_GetPriority                              build/stm32f4xx_hal_cortex.o
HAL_NVIC_GetPriorityGrouping                      build/stm32f4xx_hal_cortex.o
HAL_NVIC_SetPendingIRQ                            build/stm32f4xx_hal_cortex.o
HAL_NVIC_SetPriority                              build/stm32f4xx_hal_cortex.o
                                                  build/stm32f4xx_hal.o
                                                  build/usbh_conf.o
                                                  build/main.o
HAL_NVIC_SetPriorityGrouping                      build/stm32f4xx_hal_cortex.o
                                                  build/stm32f4xx_hal.o
                                                  build/stm32f4xx_hal_msp.o
HAL_NVIC_SystemReset                              build/stm32f4xx_hal_cortex.o
HAL_PWREx_ControlVoltageScaling                   build/stm32f4xx_hal_pwr_ex.o
HAL_PWREx_DisableBkUpReg                          build/stm32f4xx_hal_pwr_ex.o
HAL_PWREx_DisableFlashPowerDown                   build/stm32f4xx_hal_pwr_ex.o
HAL_PWREx_EnableBkUpReg                           build/stm32f4xx_hal_pwr_ex.o
HAL_PWREx_EnableFlashPowerDown                    build/stm32f4xx_hal_pwr_ex.o
HAL_PWREx_GetVoltageRange                         build/stm32f4xx_hal_pwr_ex.o
HAL_PWR_ConfigPVD                                 build/stm32f4xx_hal_pwr.o
HAL_PWR_DeInit                                    build/stm32f4xx_hal_pwr.o
HAL_PWR_DisableBkUpAccess                         build/stm32f4xx_hal_pwr.o
HAL_PWR_DisablePVD                                build/stm32f4xx_hal_pwr.o
HAL_PWR_DisableSEVOnPend                          build/stm32f4xx_hal_pwr.o
HAL_PWR_DisableSleepOnExit                        build/stm32f4xx_hal_pwr.o
HAL_PWR_DisableWakeUpPin                          build/stm32f4xx_hal_pwr.o
HAL_PWR_EnableBkUpAccess                          build/stm32f4xx_hal_pwr.o
HAL_PWR_EnablePVD                                 build/stm32f4xx_hal_pwr.o
HAL_PWR_EnableSEVOnPend                           build/stm32f4xx_hal_pwr.o
HAL_PWR_EnableSleepOnExit                         build/stm32f4xx_hal_pwr.o
HAL_PWR_EnableWakeUpPin                           build/stm32f4xx_hal_pwr.o
HAL_PWR_EnterSLEEPMode                            build/stm32f4xx_hal_pwr.o
HAL_PWR_EnterSTANDBYMode                          build/stm32f4xx_hal_pwr.o
HAL_PWR_EnterSTOPMode                             build/stm32f4xx_hal_pwr.o
HAL_PWR_PVDCallback                               build/stm32f4xx_hal_pwr.o
HAL_PWR_PVD_IRQHandler                            build/stm32f4xx_hal_pwr.o
HAL_RCCEx_DisablePLLI2S                           build/stm32f4xx_hal_rcc_ex.o
HAL_RCCEx_EnablePLLI2S                            build/stm32f4xx_hal_rcc_ex.o
HAL_RCCEx_GetPeriphCLKConfig                      build/stm32f4xx_hal_rcc_ex.o
HAL_RCCEx_GetPeriphCLKFreq                        build/stm32f4xx_hal_rcc_ex.o
HAL_RCCEx_PeriphCLKConfig                         build/stm32f4xx_hal_rcc_ex.o
                                                  build/stm32f4xx_hal_msp.o
HAL_RCC_CSSCallback                               build/stm32f4xx_hal_rcc.o
HAL_RCC_ClockConfig                               build/stm32f4xx_hal_rcc.o
                                                  build/main.o
HAL_RCC_DeInit                                    build/stm32f4xx_hal_rcc_ex.o
                                                  build/stm32f4xx_hal_rcc.o
HAL_RCC_DisableCSS                                build/stm32f4xx_hal_rcc.o
HAL_RCC_EnableCSS                                 build/stm32f4xx_hal_rcc.o
HAL_RCC_GetClockConfig                            build/stm32f4xx_hal_rcc.o
HAL_RCC_GetHCLKFreq                               build/stm32f4xx_hal_rcc.o
HAL_RCC_GetOscConfig                              build/stm32f4xx_hal_rcc.o
HAL_RCC_GetPCLK1Freq                              build/stm32f4xx_hal_rcc.o
HAL_RCC_GetPCLK2Freq                              build/stm32f4xx_hal_rcc.o
HAL_RCC_GetSysClockFreq                           build/stm32f4xx_hal_rcc.o
HAL_RCC_MCOConfig                                 build/stm32f4xx_hal_rcc.o
HAL_RCC_NMI_IRQHandler                            build/stm32f4xx_hal_rcc.o
HAL_RCC_OscConfig                                 build/stm32f4xx_hal_rcc.o
                                                  build/main.o
HAL_ResumeTick                                    build/stm32f4xx_hal.o
HAL_SPI_Init                                      build/main.o
HAL_SPI_MspDeInit                                 build/stm32f4xx_hal_msp.o
HAL_SPI_MspInit                                   build/stm32f4xx_hal_msp.o
HAL_SYSTICK_CLKSourceConfig                       build/stm32f4xx_hal_cortex.o
HAL_SYSTICK_Callback                              build/stm32f4xx_hal_cortex.o
HAL_SYSTICK_Config                                build/stm32f4xx_hal_cortex.o
                                                  build/stm32f4xx_hal.o
HAL_SYSTICK_IRQHandler                            build/stm32f4xx_hal_cortex.o
HAL_SetTickFreq                                   build/stm32f4xx_hal.o
HAL_SuspendTick                                   build/stm32f4xx_hal.o
HASH_RNG_IRQHandler                               build/startup_stm32f407xx.o
HardFault_Handler                                 build/stm32f4xx_it.o
I2C1_ER_IRQHandler                                build/startup_stm32f407xx.o
I2C1_EV_IRQHandler                                build/startup_stm32f407xx.o
I2C2_ER_IRQHandler                                build/startup_stm32f407xx.o
I2C2_EV_IRQHandler                                build/startup_stm32f407xx.o
I2C3_ER_IRQHandler                                build/startup_stm32f407xx.o
I2C3_EV_IRQHandler                                build/startup_stm32f407xx.o
MX_DriverVbusFS                                   build/usbh_platform.o
                                                  build/usbh_conf.o
MX_USB_HOST_Init                                  build/usb_host.o
                                                  build/main.o
MX_USB_HOST_Process                               build/usb_host.o
                                                  build/main.o
MemManage_Handler                                 build/stm32f4xx_it.o
NMI_Handler                                       build/stm32f4xx_it.o
OTG_FS_IRQHandler                                 build/stm32f4xx_it.o
OTG_FS_WKUP_IRQHandler                            build/startup_stm32f407xx.o
OTG_HS_EP1_IN_IRQHandler                          build/startup_stm32f407xx.o
OTG_HS_EP1_OUT_IRQHandler                         build/startup_stm32f407xx.o
OTG_HS_IRQHandler                                 build/startup_stm32f407xx.o
OTG_HS_WKUP_IRQHandler                            build/startup_stm32f407xx.o
PVD_IRQHandler                                    build/startup_stm32f407xx.o
PendSV_Handler                                    build/stm32f4xx_it.o
RCC_IRQHandler                                    build/startup_stm32f407xx.o
RTC_Alarm_IRQHandler                              build/startup_stm32f407xx.o
RTC_WKUP_IRQHandler                               build/startup_stm32f407xx.o
Reset_Handler                                     build/startup_stm32f407xx.o